node.exe : FAIL src/analytic
s/analytics.service.spec.ts
At line:1 char:1
+ & "C:\Program 
Files\nodejs/node.exe" 
"C:\Program 
Files\nodejs/node_mo ...
+ ~~~~~~~~~~~~~~~~~~~~~~~~~~
~~~~~~~~~~~~~~~~~~~~~~~~~~~~
~~~~~~~~~~~~~~~
    + CategoryInfo          
    : NotSpecified: (FAIL   
  src/analyt...service.sp   
 ec.ts:String) [], Remot    
eException
    + FullyQualifiedErrorId 
    : NativeCommandError
 
  ΓùÅ Test suite failed to 
run

    Jest encountered an 
unexpected token

    Jest failed to parse a 
file. This happens e.g. 
when your code or its 
dependencies use 
non-standard JavaScript 
syntax, or when Jest is not 
configured to support such 
syntax.

    Out of the box Jest 
supports Babel, which will 
be used to transform your 
files into valid JS based 
on your Babel configuration.

    By default 
"node_modules" folder is 
ignored by transformers.

    Here's what you can do:
     ΓÇó If you are trying 
to use ECMAScript Modules, 
see https://jestjs.io/docs/e
cmascript-modules for how 
to enable it.
     ΓÇó If you are trying 
to use TypeScript, see https
://jestjs.io/docs/getting-st
arted#using-typescript
     ΓÇó To have some of 
your "node_modules" files 
transformed, you can 
specify a custom 
"transformIgnorePatterns" 
in your config.
     ΓÇó If you need a 
custom transformation 
specify a "transform" 
option in your config.
     ΓÇó If you simply want 
to mock your non-JS modules 
(e.g. binary assets) you 
can stub them out with the 
"moduleNameMapper" config 
option.

    You'll find more 
details and examples of 
these config options in the 
docs:
    https://jestjs.io/docs/c
onfiguration
    For information about 
custom transformations, see:
    https://jestjs.io/docs/c
ode-transformation

    Details:

    SyntaxError: 
C:\Users\Anubhav Shit\tracke
r\backend\src\analytics\anal
ytics.service.spec.ts: 
Missing semicolon. (10:15)

    [0m [90m  8 |[39m
     [90m  9 |[39m describ
e([32m'AnalyticsService'[3
9m[33m,[39m () 
[33m=>[39m {
    
[31m[1m>[22m[39m[90m 
10 |[39m     [36mlet[39m 
service[33m:[39m [33mAnal
yticsService[39m[33m;[39m
     [90m    |[39m        
        [31m[1m^[22m[39m
     [90m 11 |[39m
     [90m 12 |[39m     
[36mconst[39m 
mockVisitorSessionModel 
[33m=[39m {
     [90m 13 |[39m        
 aggregate[33m:[39m jest[
33m.[39mfn()[33m,[39m[0m

      at constructor (node_m
odules/@babel/parser/src/par
se-error.ts:95:45)
      at 
Parser.toParseError [as 
raise] (node_modules/@babel/
parser/src/tokenizer/index.t
s:1504:19)
      at Parser.raise [as 
semicolon] (node_modules/@ba
bel/parser/src/parser/util.t
s:149:10)
      at Parser.semicolon 
[as parseVarStatement] (node
_modules/@babel/parser/src/p
arser/statement.ts:1252:10)
      at 
Parser.parseVarStatement 
[as parseStatementContent] (
node_modules/@babel/parser/s
rc/parser/statement.ts:612:2
1)
      at Parser.parseStateme
ntContent [as 
parseStatementLike] (node_mo
dules/@babel/parser/src/pars
er/statement.ts:482:17)
      at 
Parser.parseStatementLike 
[as parseStatementListItem] 
(node_modules/@babel/parser/
src/parser/statement.ts:431:
17)
      at Parser.parseStateme
ntListItem [as parseBlockOrM
oduleBlockBody] (node_module
s/@babel/parser/src/parser/s
tatement.ts:1444:16)
      at Parser.parseBlockOr
ModuleBlockBody [as 
parseBlockBody] (node_module
s/@babel/parser/src/parser/s
tatement.ts:1417:10)
      at 
Parser.parseBlockBody [as 
parseBlock] (node_modules/@b
abel/parser/src/parser/state
ment.ts:1385:10)
      at Parser.parseBlock 
[as parseFunctionBody] (node
_modules/@babel/parser/src/p
arser/expression.ts:2618:24)
      at 
Parser.parseFunctionBody 
[as parseArrowExpression] (n
ode_modules/@babel/parser/sr
c/parser/expression.ts:2559:
10)
      at 
Parser.parseArrowExpression 
[as parseParenAndDistinguish
Expression] (node_modules/@b
abel/parser/src/parser/expre
ssion.ts:1847:12)
      at Parser.parseParenAn
dDistinguishExpression [as 
parseExprAtom] (node_modules
/@babel/parser/src/parser/ex
pression.ts:1170:21)
      at 
Parser.parseExprAtom [as 
parseExprSubscripts] (node_m
odules/@babel/parser/src/par
ser/expression.ts:742:23)
      at 
Parser.parseExprSubscripts 
[as parseUpdate] (node_modul
es/@babel/parser/src/parser/
expression.ts:721:21)
      at Parser.parseUpdate 
[as parseMaybeUnary] (node_m
odules/@babel/parser/src/par
ser/expression.ts:683:23)
      at 
Parser.parseMaybeUnary [as 
parseMaybeUnaryOrPrivate] (n
ode_modules/@babel/parser/sr
c/parser/expression.ts:417:1
4)
      at Parser.parseMaybeUn
aryOrPrivate [as 
parseExprOps] (node_modules/
@babel/parser/src/parser/exp
ression.ts:429:23)
      at 
Parser.parseExprOps [as 
parseMaybeConditional] (node
_modules/@babel/parser/src/p
arser/expression.ts:384:23)
      at Parser.parseMaybeCo
nditional [as 
parseMaybeAssign] (node_modu
les/@babel/parser/src/parser
/expression.ts:301:21)
      at parseMaybeAssign (n
ode_modules/@babel/parser/sr
c/parser/expression.ts:257:1
2)
      at Parser.callback 
[as allowInAnd] (node_module
s/@babel/parser/src/parser/e
xpression.ts:3194:12)
      at Parser.allowInAnd 
[as 
parseMaybeAssignAllowIn] (no
de_modules/@babel/parser/src
/parser/expression.ts:256:17
)
      at Parser.parseMaybeAs
signAllowIn [as parseMaybeAs
signAllowInOrVoidPattern] (n
ode_modules/@babel/parser/sr
c/parser/expression.ts:3308:
17)
      at Parser.parseMaybeAs
signAllowInOrVoidPattern 
[as parseExprListItem] (node
_modules/@babel/parser/src/p
arser/expression.ts:2790:18)
      at 
Parser.parseExprListItem 
[as parseCallExpressionArgum
ents] (node_modules/@babel/p
arser/src/parser/expression.
ts:1042:14)
      at Parser.parseCallExp
ressionArguments [as parseCo
verCallAndAsyncArrowHead] (n
ode_modules/@babel/parser/sr
c/parser/expression.ts:922:2
9)
      at Parser.parseCoverCa
llAndAsyncArrowHead [as 
parseSubscript] (node_module
s/@babel/parser/src/parser/e
xpression.ts:804:19)
      at 
Parser.parseSubscript [as 
parseSubscripts] (node_modul
es/@babel/parser/src/parser/
expression.ts:763:19)
      at 
Parser.parseSubscripts [as 
parseExprSubscripts] (node_m
odules/@babel/parser/src/par
ser/expression.ts:748:17)
      at 
Parser.parseExprSubscripts 
[as parseUpdate] (node_modul
es/@babel/parser/src/parser/
expression.ts:721:21)
      at Parser.parseUpdate 
[as parseMaybeUnary] (node_m
odules/@babel/parser/src/par
ser/expression.ts:683:23)
      at 
Parser.parseMaybeUnary [as 
parseMaybeUnaryOrPrivate] (n
ode_modules/@babel/parser/sr
c/parser/expression.ts:417:1
4)
      at Parser.parseMaybeUn
aryOrPrivate [as 
parseExprOps] (node_modules/
@babel/parser/src/parser/exp
ression.ts:429:23)
      at 
Parser.parseExprOps [as 
parseMaybeConditional] (node
_modules/@babel/parser/src/p
arser/expression.ts:384:23)
      at Parser.parseMaybeCo
nditional [as 
parseMaybeAssign] (node_modu
les/@babel/parser/src/parser
/expression.ts:301:21)
      at 
Parser.parseMaybeAssign [as 
parseExpressionBase] (node_m
odules/@babel/parser/src/par
ser/expression.ts:226:23)
      at 
parseExpressionBase (node_mo
dules/@babel/parser/src/pars
er/expression.ts:217:39)
      at Parser.callback 
[as allowInAnd] (node_module
s/@babel/parser/src/parser/e
xpression.ts:3189:16)
      at Parser.allowInAnd 
[as parseExpression] (node_m
odules/@babel/parser/src/par
ser/expression.ts:217:17)
      at 
Parser.parseExpression [as 
parseStatementContent] (node
_modules/@babel/parser/src/p
arser/statement.ts:688:23)
      at Parser.parseStateme
ntContent [as 
parseStatementLike] (node_mo
dules/@babel/parser/src/pars
er/statement.ts:482:17)
      at 
Parser.parseStatementLike 
[as parseModuleItem] (node_m
odules/@babel/parser/src/par
ser/statement.ts:419:17)
      at 
Parser.parseModuleItem [as p
arseBlockOrModuleBlockBody] 
(node_modules/@babel/parser/
src/parser/statement.ts:1443
:16)
      at Parser.parseBlockOr
ModuleBlockBody [as 
parseBlockBody] (node_module
s/@babel/parser/src/parser/s
tatement.ts:1417:10)
      at 
Parser.parseBlockBody [as 
parseProgram] (node_modules/
@babel/parser/src/parser/sta
tement.ts:229:10)
      at 
Parser.parseProgram [as 
parseTopLevel] (node_modules
/@babel/parser/src/parser/st
atement.ts:203:25)
      at 
Parser.parseTopLevel [as 
parse] (node_modules/@babel/
parser/src/parser/index.ts:8
3:25)
      at parse (node_modules
/@babel/parser/src/index.ts:
86:38)
      at parser (node_module
s/@babel/core/src/parser/ind
ex.ts:29:19)
          at parser.next 
(<anonymous>)
      at normalizeFile (node
_modules/@babel/core/src/tra
nsformation/normalize-file.t
s:50:24)
          at 
normalizeFile.next 
(<anonymous>)
      at run (node_modules/@
babel/core/src/transformatio
n/index.ts:41:36)
          at run.next 
(<anonymous>)
      at transform (node_mod
ules/@babel/core/src/transfo
rm.ts:29:20)
          at transform.next 
(<anonymous>)
      at evaluateSync (node_
modules/gensync/index.js:251
:28)
      at sync (node_modules/
gensync/index.js:89:14)
      at fn (node_modules/@b
abel/core/src/errors/rewrite
-stack-trace.ts:99:14)
      at transformSync (node
_modules/@babel/core/src/tra
nsform.ts:66:52)
      at ScriptTransformer.t
ransformSource (node_modules
/@jest/transform/build/Scrip
tTransformer.js:545:31)
      at ScriptTransformer._
transformAndBuildScript (nod
e_modules/@jest/transform/bu
ild/ScriptTransformer.js:674
:40)
      at 
ScriptTransformer.transform 
(node_modules/@jest/transfor
m/build/ScriptTransformer.js
:726:19)

Test Suites: 1 failed, 1 
total
Tests:       0 total
Snapshots:   0 total
Time:        0.702 s
Ran all test suites 
matching /src\\analytics\\an
alytics.service.spec.ts/i.
