src/accounts/accounts.controller.ts(9,3): error TS1241: Unable to resolve signature of method decorator when called as an expression.
  The runtime will invoke the decorator with 2 arguments, but the decorator expects 3.
src/accounts/accounts.controller.ts(9,4): error TS1270: Decorator function return type 'void | TypedPropertyDescriptor<unknown>' is not assignable to type 'void | ((siteId: string, res: Response<any, Record<string, any>>) => Promise<void>)'.
  Type 'TypedPropertyDescriptor<unknown>' is not assignable to type 'void | ((siteId: string, res: Response<any, Record<string, any>>) => Promise<void>)'.
src/accounts/accounts.controller.ts(10,19): error TS1206: Decorators are not valid here.
src/accounts/accounts.controller.ts(10,52): error TS1206: Decorators are not valid here.
src/accounts/accounts.resolver.ts(15,3): error TS1241: Unable to resolve signature of method decorator when called as an expression.
  The runtime will invoke the decorator with 2 arguments, but the decorator expects 3.
src/accounts/accounts.resolver.ts(15,4): error TS1270: Decorator function return type 'void | TypedPropertyDescriptor<unknown>' is not assignable to type 'void | ((accountId: string) => Promise<Account>)'.
  Type 'TypedPropertyDescriptor<unknown>' is not assignable to type 'void | ((accountId: string) => Promise<Account>)'.
src/accounts/accounts.resolver.ts(16,20): error TS1206: Decorators are not valid here.
src/accounts/accounts.resolver.ts(21,3): error TS1241: Unable to resolve signature of method decorator when called as an expression.
  The runtime will invoke the decorator with 2 arguments, but the decorator expects 3.
src/accounts/accounts.resolver.ts(21,4): error TS1270: Decorator function return type 'void | TypedPropertyDescriptor<unknown>' is not assignable to type 'void | ((siteId: string, minScore: number, search?: string, category?: string) => Promise<Account[]>)'.
  Type 'TypedPropertyDescriptor<unknown>' is not assignable to type 'void | ((siteId: string, minScore: number, search?: string, category?: string) => Promise<Account[]>)'.
src/accounts/accounts.resolver.ts(23,5): error TS1206: Decorators are not valid here.
src/accounts/accounts.resolver.ts(24,5): error TS1206: Decorators are not valid here.
src/accounts/accounts.resolver.ts(25,5): error TS1206: Decorators are not valid here.
src/accounts/accounts.resolver.ts(26,5): error TS1206: Decorators are not valid here.
src/accounts/accounts.resolver.ts(41,3): error TS1241: Unable to resolve signature of method decorator when called as an expression.
  The runtime will invoke the decorator with 2 arguments, but the decorator expects 3.
src/accounts/accounts.resolver.ts(41,4): error TS1270: Decorator function return type 'void | TypedPropertyDescriptor<unknown>' is not assignable to type 'void | ((siteId: string, limit: number) => Promise<Account[]>)'.
  Type 'TypedPropertyDescriptor<unknown>' is not assignable to type 'void | ((siteId: string, limit: number) => Promise<Account[]>)'.
src/accounts/accounts.resolver.ts(43,5): error TS1206: Decorators are not valid here.
src/accounts/accounts.resolver.ts(44,5): error TS1206: Decorators are not valid here.
src/accounts/accounts.resolver.ts(50,3): error TS1241: Unable to resolve signature of method decorator when called as an expression.
  The runtime will invoke the decorator with 2 arguments, but the decorator expects 3.
src/accounts/accounts.resolver.ts(50,4): error TS1270: Decorator function return type 'void | TypedPropertyDescriptor<unknown>' is not assignable to type 'void | ((accountId: string) => Promise<VisitorSession[]>)'.
  Type 'TypedPropertyDescriptor<unknown>' is not assignable to type 'void | ((accountId: string) => Promise<VisitorSession[]>)'.
src/accounts/accounts.resolver.ts(51,28): error TS1206: Decorators are not valid here.
src/accounts/accounts.service.ts(12,5): error TS1206: Decorators are not valid here.
src/accounts/accounts.service.ts(13,5): error TS1206: Decorators are not valid here.
src/accounts/dto/account.type.ts(5,4): error TS1240: Unable to resolve signature of property decorator when called as an expression.
  Argument of type 'ClassFieldDecoratorContext<BehaviorMetrics, number> & { name: "pricingPageVisits"; private: false; static: false; }' is not assignable to parameter of type 'string | symbol'.
src/accounts/dto/account.type.ts(8,4): error TS1240: Unable to resolve signature of property decorator when called as an expression.
  Argument of type 'ClassFieldDecoratorContext<BehaviorMetrics, number> & { name: "docsPageVisits"; private: false; static: false; }' is not assignable to parameter of type 'string | symbol'.
src/accounts/dto/account.type.ts(11,4): error TS1240: Unable to resolve signature of property decorator when called as an expression.
  Argument of type 'ClassFieldDecoratorContext<BehaviorMetrics, number> & { name: "apiPageVisits"; private: false; static: false; }' is not assignable to parameter of type 'string | symbol'.
src/accounts/dto/account.type.ts(14,4): error TS1240: Unable to resolve signature of property decorator when called as an expression.
  Argument of type 'ClassFieldDecoratorContext<BehaviorMetrics, number> & { name: "repeatVisits"; private: false; static: false; }' is not assignable to parameter of type 'string | symbol'.
src/accounts/dto/account.type.ts(17,4): error TS1240: Unable to resolve signature of property decorator when called as an expression.
  Argument of type 'ClassFieldDecoratorContext<BehaviorMetrics, number> & { name: "multiUserActivity"; private: false; static: false; }' is not assignable to parameter of type 'string | symbol'.
src/accounts/dto/account.type.ts(20,4): error TS1240: Unable to resolve signature of property decorator when called as an expression.
  Argument of type 'ClassFieldDecoratorContext<BehaviorMetrics, number> & { name: "avgTimePerSession"; private: false; static: false; }' is not assignable to parameter of type 'string | symbol'.
src/accounts/dto/account.type.ts(23,4): error TS1240: Unable to resolve signature of property decorator when called as an expression.
  Argument of type 'ClassFieldDecoratorContext<BehaviorMetrics, number> & { name: "avgPagesPerSession"; private: false; static: false; }' is not assignable to parameter of type 'string | symbol'.
src/accounts/dto/account.type.ts(29,4): error TS1240: Unable to resolve signature of property decorator when called as an expression.
  Argument of type 'ClassFieldDecoratorContext<Account, string> & { name: "id"; private: false; static: false; }' is not assignable to parameter of type 'string | symbol'.
src/accounts/dto/account.type.ts(32,4): error TS1240: Unable to resolve signature of property decorator when called as an expression.
  Argument of type 'ClassFieldDecoratorContext<Account, string> & { name: "accountId"; private: false; static: false; }' is not assignable to parameter of type 'string | symbol'.
src/accounts/dto/account.type.ts(35,4): error TS1240: Unable to resolve signature of property decorator when called as an expression.
  Argument of type 'ClassFieldDecoratorContext<Account, string> & { name: "siteId"; private: false; static: false; }' is not assignable to parameter of type 'string | symbol'.
src/accounts/dto/account.type.ts(38,4): error TS1240: Unable to resolve signature of property decorator when called as an expression.
  Argument of type 'ClassFieldDecoratorContext<Account, string> & { name: "organizationName"; private: false; static: false; }' is not assignable to parameter of type 'string | symbol'.
src/accounts/dto/account.type.ts(41,4): error TS1240: Unable to resolve signature of property decorator when called as an expression.
  Argument of type 'ClassFieldDecoratorContext<Account, string> & { name: "domain"; private: false; static: false; }' is not assignable to parameter of type 'string | symbol'.
src/accounts/dto/account.type.ts(44,4): error TS1240: Unable to resolve signature of property decorator when called as an expression.
  Argument of type 'ClassFieldDecoratorContext<Account, number> & { name: "totalSessions"; private: false; static: false; }' is not assignable to parameter of type 'string | symbol'.
src/accounts/dto/account.type.ts(47,4): error TS1240: Unable to resolve signature of property decorator when called as an expression.
  Argument of type 'ClassFieldDecoratorContext<Account, number> & { name: "totalPageViews"; private: false; static: false; }' is not assignable to parameter of type 'string | symbol'.
src/accounts/dto/account.type.ts(50,4): error TS1240: Unable to resolve signature of property decorator when called as an expression.
  Argument of type 'ClassFieldDecoratorContext<Account, number> & { name: "totalTimeSpent"; private: false; static: false; }' is not assignable to parameter of type 'string | symbol'.
src/accounts/dto/account.type.ts(53,4): error TS1240: Unable to resolve signature of property decorator when called as an expression.
  Argument of type 'ClassFieldDecoratorContext<Account, string[]> & { name: "pagesVisited"; private: false; static: false; }' is not assignable to parameter of type 'string | symbol'.
src/accounts/dto/account.type.ts(56,4): error TS1240: Unable to resolve signature of property decorator when called as an expression.
  Argument of type 'ClassFieldDecoratorContext<Account, number> & { name: "engagementScore"; private: false; static: false; }' is not assignable to parameter of type 'string | symbol'.
src/accounts/dto/account.type.ts(59,4): error TS1240: Unable to resolve signature of property decorator when called as an expression.
  Argument of type 'ClassFieldDecoratorContext<Account, number> & { name: "intentScore"; private: false; static: false; }' is not assignable to parameter of type 'string | symbol'.
src/accounts/dto/account.type.ts(62,4): error TS1240: Unable to resolve signature of property decorator when called as an expression.
  Argument of type 'ClassFieldDecoratorContext<Account, string> & { name: "category"; private: false; static: false; }' is not assignable to parameter of type 'string | symbol'.
src/accounts/dto/account.type.ts(65,4): error TS1240: Unable to resolve signature of property decorator when called as an expression.
  Argument of type 'ClassFieldDecoratorContext<Account, BehaviorMetrics> & { name: "behaviorMetrics"; private: false; static: false; }' is not assignable to parameter of type 'string | symbol'.
src/accounts/dto/account.type.ts(68,4): error TS1240: Unable to resolve signature of property decorator when called as an expression.
  Argument of type 'ClassFieldDecoratorContext<Account, Date> & { name: "firstSeenAt"; private: false; static: false; }' is not assignable to parameter of type 'string | symbol'.
src/accounts/dto/account.type.ts(71,4): error TS1240: Unable to resolve signature of property decorator when called as an expression.
  Argument of type 'ClassFieldDecoratorContext<Account, Date> & { name: "lastSeenAt"; private: false; static: false; }' is not assignable to parameter of type 'string | symbol'.
src/accounts/dto/account.type.ts(74,4): error TS1240: Unable to resolve signature of property decorator when called as an expression.
  Argument of type 'ClassFieldDecoratorContext<Account, boolean> & { name: "isHighIntent"; private: false; static: false; }' is not assignable to parameter of type 'string | symbol'.
src/accounts/dto/account.type.ts(77,4): error TS1240: Unable to resolve signature of property decorator when called as an expression.
  Argument of type 'ClassFieldDecoratorContext<Account, Date> & { name: "lastIntentUpdateAt"; private: false; static: false; }' is not assignable to parameter of type 'string | symbol'.
src/accounts/tasks/account-metrics.task.ts(22,5): error TS1206: Decorators are not valid here.
src/accounts/tasks/account-metrics.task.ts(24,5): error TS1206: Decorators are not valid here.
src/accounts/tasks/account-metrics.task.ts(33,3): error TS1241: Unable to resolve signature of method decorator when called as an expression.
  The runtime will invoke the decorator with 2 arguments, but the decorator expects 3.
src/accounts/tasks/account-metrics.task.ts(33,4): error TS1270: Decorator function return type 'void | TypedPropertyDescriptor<unknown>' is not assignable to type 'void | (() => Promise<void>)'.
  Type 'TypedPropertyDescriptor<unknown>' is not assignable to type 'void | (() => Promise<void>)'.
src/analytics/analytics.resolver.ts(9,3): error TS1241: Unable to resolve signature of method decorator when called as an expression.
  The runtime will invoke the decorator with 2 arguments, but the decorator expects 3.
src/analytics/analytics.resolver.ts(9,4): error TS1270: Decorator function return type 'void | TypedPropertyDescriptor<unknown>' is not assignable to type 'void | ((siteId: string, days: number) => Promise<AnalyticsDashboardData>)'.
  Type 'TypedPropertyDescriptor<unknown>' is not assignable to type 'void | ((siteId: string, days: number) => Promise<AnalyticsDashboardData>)'.
src/analytics/analytics.resolver.ts(11,5): error TS1206: Decorators are not valid here.
src/analytics/analytics.resolver.ts(12,5): error TS1206: Decorators are not valid here.
src/analytics/analytics.resolver.ts(17,3): error TS1241: Unable to resolve signature of method decorator when called as an expression.
  The runtime will invoke the decorator with 2 arguments, but the decorator expects 3.
src/analytics/analytics.resolver.ts(17,4): error TS1270: Decorator function return type 'void | TypedPropertyDescriptor<unknown>' is not assignable to type 'void | ((siteId: string, url: string) => Promise<PageSection[]>)'.
  Type 'TypedPropertyDescriptor<unknown>' is not assignable to type 'void | ((siteId: string, url: string) => Promise<PageSection[]>)'.
src/analytics/analytics.resolver.ts(19,5): error TS1206: Decorators are not valid here.
src/analytics/analytics.resolver.ts(20,5): error TS1206: Decorators are not valid here.
src/analytics/analytics.resolver.ts(25,3): error TS1241: Unable to resolve signature of method decorator when called as an expression.
  The runtime will invoke the decorator with 2 arguments, but the decorator expects 3.
src/analytics/analytics.resolver.ts(25,4): error TS1270: Decorator function return type 'void | TypedPropertyDescriptor<unknown>' is not assignable to type 'void | ((siteId: string, url: string, days: number) => Promise<SectionMetric[]>)'.
  Type 'TypedPropertyDescriptor<unknown>' is not assignable to type 'void | ((siteId: string, url: string, days: number) => Promise<SectionMetric[]>)'.
src/analytics/analytics.resolver.ts(27,5): error TS1206: Decorators are not valid here.
src/analytics/analytics.resolver.ts(28,5): error TS1206: Decorators are not valid here.
src/analytics/analytics.resolver.ts(29,5): error TS1206: Decorators are not valid here.
src/analytics/analytics.service.ts(14,5): error TS1206: Decorators are not valid here.
src/analytics/analytics.service.ts(16,5): error TS1206: Decorators are not valid here.
src/analytics/analytics.service.ts(193,47): error TS2769: No overload matches this call.
  Overload 1 of 2, '(pipeline?: PipelineStage[], options?: AggregateOptions): Aggregate<PagePerformanceStat[]>', gave the following error.
    Argument of type '({ $match: { siteId: string; timestamp: { $gte: Date; }; 'raw_signals.url': { $exists: boolean; }; }; $group?: undefined; $project?: undefined; $sort?: undefined; $limit?: undefined; } | { $group: { _id: string; avgScrollDepth: { ...; }; avgTimeOnPage: { ...; }; rageClicks: { ...; }; }; $match?: undefined; $project?...' is not assignable to parameter of type 'PipelineStage[]'.
      Type '{ $match: { siteId: string; timestamp: { $gte: Date; }; 'raw_signals.url': { $exists: boolean; }; }; $group?: undefined; $project?: undefined; $sort?: undefined; $limit?: undefined; } | { $group: { _id: string; avgScrollDepth: { ...; }; avgTimeOnPage: { ...; }; rageClicks: { ...; }; }; $match?: undefined; $project?:...' is not assignable to type 'PipelineStage'.
        Type '{ $sort: { avgTimeOnPage: number; }; $match?: undefined; $group?: undefined; $project?: undefined; $limit?: undefined; }' is not assignable to type 'PipelineStage'.
          Type '{ $sort: { avgTimeOnPage: number; }; $match?: undefined; $group?: undefined; $project?: undefined; $limit?: undefined; }' is not assignable to type 'Sort'.
            Types of property '$sort' are incompatible.
              Type '{ avgTimeOnPage: number; }' is not assignable to type 'Record<string, 1 | -1 | Meta>'.
                Property 'avgTimeOnPage' is incompatible with index signature.
                  Type 'number' is not assignable to type '1 | -1 | Meta'.
  Overload 2 of 2, '(pipeline: PipelineStage[]): Aggregate<PagePerformanceStat[]>', gave the following error.
    Argument of type '({ $match: { siteId: string; timestamp: { $gte: Date; }; 'raw_signals.url': { $exists: boolean; }; }; $group?: undefined; $project?: undefined; $sort?: undefined; $limit?: undefined; } | { $group: { _id: string; avgScrollDepth: { ...; }; avgTimeOnPage: { ...; }; rageClicks: { ...; }; }; $match?: undefined; $project?...' is not assignable to parameter of type 'PipelineStage[]'.
      Type '{ $match: { siteId: string; timestamp: { $gte: Date; }; 'raw_signals.url': { $exists: boolean; }; }; $group?: undefined; $project?: undefined; $sort?: undefined; $limit?: undefined; } | { $group: { _id: string; avgScrollDepth: { ...; }; avgTimeOnPage: { ...; }; rageClicks: { ...; }; }; $match?: undefined; $project?:...' is not assignable to type 'PipelineStage'.
        Type '{ $sort: { avgTimeOnPage: number; }; $match?: undefined; $group?: undefined; $project?: undefined; $limit?: undefined; }' is not assignable to type 'PipelineStage'.
          Type '{ $sort: { avgTimeOnPage: number; }; $match?: undefined; $group?: undefined; $project?: undefined; $limit?: undefined; }' is not assignable to type 'Sort'.
            Types of property '$sort' are incompatible.
              Type '{ avgTimeOnPage: number; }' is not assignable to type 'Record<string, 1 | -1 | Meta>'.
                Property 'avgTimeOnPage' is incompatible with index signature.
                  Type 'number' is not assignable to type '1 | -1 | Meta'.
src/analytics/dto/analytics.types.ts(5,6): error TS1240: Unable to resolve signature of property decorator when called as an expression.
  Argument of type 'ClassFieldDecoratorContext<OverviewStats, number> & { name: "totalSessions"; private: false; static: false; }' is not assignable to parameter of type 'string | symbol'.
src/analytics/dto/analytics.types.ts(8,6): error TS1240: Unable to resolve signature of property decorator when called as an expression.
  Argument of type 'ClassFieldDecoratorContext<OverviewStats, number> & { name: "totalPageViews"; private: false; static: false; }' is not assignable to parameter of type 'string | symbol'.
src/analytics/dto/analytics.types.ts(11,6): error TS1240: Unable to resolve signature of property decorator when called as an expression.
  Argument of type 'ClassFieldDecoratorContext<OverviewStats, number> & { name: "avgSessionDuration"; private: false; static: false; }' is not assignable to parameter of type 'string | symbol'.
src/analytics/dto/analytics.types.ts(14,6): error TS1240: Unable to resolve signature of property decorator when called as an expression.
  Argument of type 'ClassFieldDecoratorContext<OverviewStats, number> & { name: "bounceRate"; private: false; static: false; }' is not assignable to parameter of type 'string | symbol'.
src/analytics/dto/analytics.types.ts(20,6): error TS1240: Unable to resolve signature of property decorator when called as an expression.
  Argument of type 'ClassFieldDecoratorContext<ReferrerStat, string> & { name: "source"; private: false; static: false; }' is not assignable to parameter of type 'string | symbol'.
src/analytics/dto/analytics.types.ts(23,6): error TS1240: Unable to resolve signature of property decorator when called as an expression.
  Argument of type 'ClassFieldDecoratorContext<ReferrerStat, number> & { name: "count"; private: false; static: false; }' is not assignable to parameter of type 'string | symbol'.
src/analytics/dto/analytics.types.ts(29,6): error TS1240: Unable to resolve signature of property decorator when called as an expression.
  Argument of type 'ClassFieldDecoratorContext<GeoStat, string> & { name: "country"; private: false; static: false; }' is not assignable to parameter of type 'string | symbol'.
src/analytics/dto/analytics.types.ts(32,6): error TS1240: Unable to resolve signature of property decorator when called as an expression.
  Argument of type 'ClassFieldDecoratorContext<GeoStat, number> & { name: "count"; private: false; static: false; }' is not assignable to parameter of type 'string | symbol'.
src/analytics/dto/analytics.types.ts(38,6): error TS1240: Unable to resolve signature of property decorator when called as an expression.
  Argument of type 'ClassFieldDecoratorContext<PageStat, string> & { name: "url"; private: false; static: false; }' is not assignable to parameter of type 'string | symbol'.
src/analytics/dto/analytics.types.ts(41,6): error TS1240: Unable to resolve signature of property decorator when called as an expression.
  Argument of type 'ClassFieldDecoratorContext<PageStat, number> & { name: "views"; private: false; static: false; }' is not assignable to parameter of type 'string | symbol'.
src/analytics/dto/analytics.types.ts(44,6): error TS1240: Unable to resolve signature of property decorator when called as an expression.
  Argument of type 'ClassFieldDecoratorContext<PageStat, number> & { name: "visitors"; private: false; static: false; }' is not assignable to parameter of type 'string | symbol'.
src/analytics/dto/analytics.types.ts(50,6): error TS1240: Unable to resolve signature of property decorator when called as an expression.
  Argument of type 'ClassFieldDecoratorContext<DailyStat, string> & { name: "date"; private: false; static: false; }' is not assignable to parameter of type 'string | symbol'.
src/analytics/dto/analytics.types.ts(53,6): error TS1240: Unable to resolve signature of property decorator when called as an expression.
  Argument of type 'ClassFieldDecoratorContext<DailyStat, number> & { name: "sessions"; private: false; static: false; }' is not assignable to parameter of type 'string | symbol'.
src/analytics/dto/analytics.types.ts(56,6): error TS1240: Unable to resolve signature of property decorator when called as an expression.
  Argument of type 'ClassFieldDecoratorContext<DailyStat, number> & { name: "pageViews"; private: false; static: false; }' is not assignable to parameter of type 'string | symbol'.
src/analytics/dto/analytics.types.ts(62,6): error TS1240: Unable to resolve signature of property decorator when called as an expression.
  Argument of type 'ClassFieldDecoratorContext<HeatMapPoint, number> & { name: "lat"; private: false; static: false; }' is not assignable to parameter of type 'string | symbol'.
src/analytics/dto/analytics.types.ts(65,6): error TS1240: Unable to resolve signature of property decorator when called as an expression.
  Argument of type 'ClassFieldDecoratorContext<HeatMapPoint, number> & { name: "lng"; private: false; static: false; }' is not assignable to parameter of type 'string | symbol'.
src/analytics/dto/analytics.types.ts(68,6): error TS1240: Unable to resolve signature of property decorator when called as an expression.
  Argument of type 'ClassFieldDecoratorContext<HeatMapPoint, number> & { name: "weight"; private: false; static: false; }' is not assignable to parameter of type 'string | symbol'.
src/analytics/dto/analytics.types.ts(71,6): error TS1240: Unable to resolve signature of property decorator when called as an expression.
  Argument of type 'ClassFieldDecoratorContext<HeatMapPoint, number> & { name: "avgIntent"; private: false; static: false; }' is not assignable to parameter of type 'string | symbol'.
src/analytics/dto/analytics.types.ts(77,6): error TS1240: Unable to resolve signature of property decorator when called as an expression.
  Argument of type 'ClassFieldDecoratorContext<AnalyticsDashboardData, OverviewStats> & { name: "overview"; private: false; static: false; }' is not assignable to parameter of type 'string | symbol'.
src/analytics/dto/analytics.types.ts(80,6): error TS1240: Unable to resolve signature of property decorator when called as an expression.
  Argument of type 'ClassFieldDecoratorContext<AnalyticsDashboardData, DailyStat[]> & { name: "dailyStats"; private: false; static: false; }' is not assignable to parameter of type 'string | symbol'.
src/analytics/dto/analytics.types.ts(83,6): error TS1240: Unable to resolve signature of property decorator when called as an expression.
  Argument of type 'ClassFieldDecoratorContext<AnalyticsDashboardData, ReferrerStat[]> & { name: "referrers"; private: false; static: false; }' is not assignable to parameter of type 'string | symbol'.
src/analytics/dto/analytics.types.ts(86,6): error TS1240: Unable to resolve signature of property decorator when called as an expression.
  Argument of type 'ClassFieldDecoratorContext<AnalyticsDashboardData, GeoStat[]> & { name: "geoStats"; private: false; static: false; }' is not assignable to parameter of type 'string | symbol'.
src/analytics/dto/analytics.types.ts(89,6): error TS1240: Unable to resolve signature of property decorator when called as an expression.
  Argument of type 'ClassFieldDecoratorContext<AnalyticsDashboardData, HeatMapPoint[]> & { name: "heatMapPoints"; private: false; static: false; }' is not assignable to parameter of type 'string | symbol'.
src/analytics/dto/analytics.types.ts(92,6): error TS1240: Unable to resolve signature of property decorator when called as an expression.
  Argument of type 'ClassFieldDecoratorContext<AnalyticsDashboardData, PageStat[]> & { name: "topPages"; private: false; static: false; }' is not assignable to parameter of type 'string | symbol'.
src/analytics/dto/analytics.types.ts(95,6): error TS1240: Unable to resolve signature of property decorator when called as an expression.
  Argument of type 'ClassFieldDecoratorContext<AnalyticsDashboardData, PagePerformanceStat[]> & { name: "pagePerformance"; private: false; static: false; }' is not assignable to parameter of type 'string | symbol'.
src/analytics/dto/analytics.types.ts(98,6): error TS1240: Unable to resolve signature of property decorator when called as an expression.
  Argument of type 'ClassFieldDecoratorContext<AnalyticsDashboardData, UserFlowStat[]> & { name: "userFlows"; private: false; static: false; }' is not assignable to parameter of type 'string | symbol'.
src/analytics/dto/analytics.types.ts(101,6): error TS1240: Unable to resolve signature of property decorator when called as an expression.
  Argument of type 'ClassFieldDecoratorContext<AnalyticsDashboardData, BehavioralPatternStat[]> & { name: "behavioralPatterns"; private: false; static: false; }' is not assignable to parameter of type 'string | symbol'.
src/analytics/dto/analytics.types.ts(107,6): error TS1240: Unable to resolve signature of property decorator when called as an expression.
  Argument of type 'ClassFieldDecoratorContext<PagePerformanceStat, string> & { name: "url"; private: false; static: false; }' is not assignable to parameter of type 'string | symbol'.
src/analytics/dto/analytics.types.ts(110,6): error TS1240: Unable to resolve signature of property decorator when called as an expression.
  Argument of type 'ClassFieldDecoratorContext<PagePerformanceStat, number> & { name: "avgScrollDepth"; private: false; static: false; }' is not assignable to parameter of type 'string | symbol'.
src/analytics/dto/analytics.types.ts(113,6): error TS1240: Unable to resolve signature of property decorator when called as an expression.
  Argument of type 'ClassFieldDecoratorContext<PagePerformanceStat, number> & { name: "avgTimeOnPage"; private: false; static: false; }' is not assignable to parameter of type 'string | symbol'.
src/analytics/dto/analytics.types.ts(116,6): error TS1240: Unable to resolve signature of property decorator when called as an expression.
  Argument of type 'ClassFieldDecoratorContext<PagePerformanceStat, number> & { name: "rageClicks"; private: false; static: false; }' is not assignable to parameter of type 'string | symbol'.
src/analytics/dto/analytics.types.ts(122,6): error TS1240: Unable to resolve signature of property decorator when called as an expression.
  Argument of type 'ClassFieldDecoratorContext<UserFlowStat, string> & { name: "source"; private: false; static: false; }' is not assignable to parameter of type 'string | symbol'.
src/analytics/dto/analytics.types.ts(125,6): error TS1240: Unable to resolve signature of property decorator when called as an expression.
  Argument of type 'ClassFieldDecoratorContext<UserFlowStat, string> & { name: "target"; private: false; static: false; }' is not assignable to parameter of type 'string | symbol'.
src/analytics/dto/analytics.types.ts(128,6): error TS1240: Unable to resolve signature of property decorator when called as an expression.
  Argument of type 'ClassFieldDecoratorContext<UserFlowStat, number> & { name: "count"; private: false; static: false; }' is not assignable to parameter of type 'string | symbol'.
src/analytics/dto/analytics.types.ts(134,6): error TS1240: Unable to resolve signature of property decorator when called as an expression.
  Argument of type 'ClassFieldDecoratorContext<BehavioralPatternStat, string> & { name: "pattern"; private: false; static: false; }' is not assignable to parameter of type 'string | symbol'.
src/analytics/dto/analytics.types.ts(137,6): error TS1240: Unable to resolve signature of property decorator when called as an expression.
  Argument of type 'ClassFieldDecoratorContext<BehavioralPatternStat, number> & { name: "count"; private: false; static: false; }' is not assignable to parameter of type 'string | symbol'.
src/analytics/dto/analytics.types.ts(140,6): error TS1240: Unable to resolve signature of property decorator when called as an expression.
  Argument of type 'ClassFieldDecoratorContext<BehavioralPatternStat, string[]> & { name: "sessionIds"; private: false; static: false; }' is not assignable to parameter of type 'string | symbol'.
src/analytics/dto/analytics.types.ts(146,6): error TS1240: Unable to resolve signature of property decorator when called as an expression.
  Argument of type 'ClassFieldDecoratorContext<PageSection, string> & { name: "selector"; private: false; static: false; }' is not assignable to parameter of type 'string | symbol'.
src/analytics/dto/analytics.types.ts(149,6): error TS1240: Unable to resolve signature of property decorator when called as an expression.
  Argument of type 'ClassFieldDecoratorContext<PageSection, string> & { name: "html"; private: false; static: false; }' is not assignable to parameter of type 'string | symbol'.
src/analytics/dto/analytics.types.ts(152,6): error TS1240: Unable to resolve signature of property decorator when called as an expression.
  Argument of type 'ClassFieldDecoratorContext<PageSection, string> & { name: "description"; private: false; static: false; }' is not assignable to parameter of type 'string | symbol'.
src/analytics/dto/analytics.types.ts(158,6): error TS1240: Unable to resolve signature of property decorator when called as an expression.
  Argument of type 'ClassFieldDecoratorContext<SectionMetric, string> & { name: "selector"; private: false; static: false; }' is not assignable to parameter of type 'string | symbol'.
src/analytics/dto/analytics.types.ts(161,6): error TS1240: Unable to resolve signature of property decorator when called as an expression.
  Argument of type 'ClassFieldDecoratorContext<SectionMetric, number> & { name: "avgDwellTime"; private: false; static: false; }' is not assignable to parameter of type 'string | symbol'.
src/analytics/dto/analytics.types.ts(164,6): error TS1240: Unable to resolve signature of property decorator when called as an expression.
  Argument of type 'ClassFieldDecoratorContext<SectionMetric, number> & { name: "clickCount"; private: false; static: false; }' is not assignable to parameter of type 'string | symbol'.
src/analytics/dto/visitor-session.type.ts(5,4): error TS1240: Unable to resolve signature of property decorator when called as an expression.
  Argument of type 'ClassFieldDecoratorContext<GeoLocation, string> & { name: "country"; private: false; static: false; }' is not assignable to parameter of type 'string | symbol'.
src/analytics/dto/visitor-session.type.ts(8,4): error TS1240: Unable to resolve signature of property decorator when called as an expression.
  Argument of type 'ClassFieldDecoratorContext<GeoLocation, string> & { name: "region"; private: false; static: false; }' is not assignable to parameter of type 'string | symbol'.
src/analytics/dto/visitor-session.type.ts(11,4): error TS1240: Unable to resolve signature of property decorator when called as an expression.
  Argument of type 'ClassFieldDecoratorContext<GeoLocation, string> & { name: "city"; private: false; static: false; }' is not assignable to parameter of type 'string | symbol'.
src/analytics/dto/visitor-session.type.ts(14,4): error TS1240: Unable to resolve signature of property decorator when called as an expression.
  Argument of type 'ClassFieldDecoratorContext<GeoLocation, number> & { name: "lat"; private: false; static: false; }' is not assignable to parameter of type 'string | symbol'.
src/analytics/dto/visitor-session.type.ts(17,4): error TS1240: Unable to resolve signature of property decorator when called as an expression.
  Argument of type 'ClassFieldDecoratorContext<GeoLocation, number> & { name: "lng"; private: false; static: false; }' is not assignable to parameter of type 'string | symbol'.
src/analytics/dto/visitor-session.type.ts(20,4): error TS1240: Unable to resolve signature of property decorator when called as an expression.
  Argument of type 'ClassFieldDecoratorContext<GeoLocation, string> & { name: "timezone"; private: false; static: false; }' is not assignable to parameter of type 'string | symbol'.
src/analytics/dto/visitor-session.type.ts(26,4): error TS1240: Unable to resolve signature of property decorator when called as an expression.
  Argument of type 'ClassFieldDecoratorContext<VisitorFlags, boolean> & { name: "isVPN"; private: false; static: false; }' is not assignable to parameter of type 'string | symbol'.
src/analytics/dto/visitor-session.type.ts(29,4): error TS1240: Unable to resolve signature of property decorator when called as an expression.
  Argument of type 'ClassFieldDecoratorContext<VisitorFlags, boolean> & { name: "isMobile"; private: false; static: false; }' is not assignable to parameter of type 'string | symbol'.
src/analytics/dto/visitor-session.type.ts(32,4): error TS1240: Unable to resolve signature of property decorator when called as an expression.
  Argument of type 'ClassFieldDecoratorContext<VisitorFlags, boolean> & { name: "isDataCenter"; private: false; static: false; }' is not assignable to parameter of type 'string | symbol'.
src/analytics/dto/visitor-session.type.ts(35,4): error TS1240: Unable to resolve signature of property decorator when called as an expression.
  Argument of type 'ClassFieldDecoratorContext<VisitorFlags, boolean> & { name: "isProxy"; private: false; static: false; }' is not assignable to parameter of type 'string | symbol'.
src/analytics/dto/visitor-session.type.ts(41,4): error TS1240: Unable to resolve signature of property decorator when called as an expression.
  Argument of type 'ClassFieldDecoratorContext<VisitorSession, string> & { name: "id"; private: false; static: false; }' is not assignable to parameter of type 'string | symbol'.
src/analytics/dto/visitor-session.type.ts(44,4): error TS1240: Unable to resolve signature of property decorator when called as an expression.
  Argument of type 'ClassFieldDecoratorContext<VisitorSession, string> & { name: "sessionId"; private: false; static: false; }' is not assignable to parameter of type 'string | symbol'.
src/analytics/dto/visitor-session.type.ts(47,4): error TS1240: Unable to resolve signature of property decorator when called as an expression.
  Argument of type 'ClassFieldDecoratorContext<VisitorSession, string> & { name: "siteId"; private: false; static: false; }' is not assignable to parameter of type 'string | symbol'.
src/analytics/dto/visitor-session.type.ts(50,4): error TS1240: Unable to resolve signature of property decorator when called as an expression.
  Argument of type 'ClassFieldDecoratorContext<VisitorSession, GeoLocation> & { name: "geo"; private: false; static: false; }' is not assignable to parameter of type 'string | symbol'.
src/analytics/dto/visitor-session.type.ts(53,4): error TS1240: Unable to resolve signature of property decorator when called as an expression.
  Argument of type 'ClassFieldDecoratorContext<VisitorSession, string> & { name: "userAgent"; private: false; static: false; }' is not assignable to parameter of type 'string | symbol'.
src/analytics/dto/visitor-session.type.ts(56,4): error TS1240: Unable to resolve signature of property decorator when called as an expression.
  Argument of type 'ClassFieldDecoratorContext<VisitorSession, string> & { name: "referrer"; private: false; static: false; }' is not assignable to parameter of type 'string | symbol'.
src/analytics/dto/visitor-session.type.ts(59,4): error TS1240: Unable to resolve signature of property decorator when called as an expression.
  Argument of type 'ClassFieldDecoratorContext<VisitorSession, Date> & { name: "startedAt"; private: false; static: false; }' is not assignable to parameter of type 'string | symbol'.
src/analytics/dto/visitor-session.type.ts(62,4): error TS1240: Unable to resolve signature of property decorator when called as an expression.
  Argument of type 'ClassFieldDecoratorContext<VisitorSession, Date> & { name: "endedAt"; private: false; static: false; }' is not assignable to parameter of type 'string | symbol'.
src/analytics/dto/visitor-session.type.ts(65,4): error TS1240: Unable to resolve signature of property decorator when called as an expression.
  Argument of type 'ClassFieldDecoratorContext<VisitorSession, string[]> & { name: "pagesVisited"; private: false; static: false; }' is not assignable to parameter of type 'string | symbol'.
src/analytics/dto/visitor-session.type.ts(68,4): error TS1240: Unable to resolve signature of property decorator when called as an expression.
  Argument of type 'ClassFieldDecoratorContext<VisitorSession, number> & { name: "totalPageViews"; private: false; static: false; }' is not assignable to parameter of type 'string | symbol'.
src/analytics/dto/visitor-session.type.ts(71,4): error TS1240: Unable to resolve signature of property decorator when called as an expression.
  Argument of type 'ClassFieldDecoratorContext<VisitorSession, number> & { name: "totalTimeSpent"; private: false; static: false; }' is not assignable to parameter of type 'string | symbol'.
src/analytics/dto/visitor-session.type.ts(74,4): error TS1240: Unable to resolve signature of property decorator when called as an expression.
  Argument of type 'ClassFieldDecoratorContext<VisitorSession, number> & { name: "maxScrollDepth"; private: false; static: false; }' is not assignable to parameter of type 'string | symbol'.
src/analytics/dto/visitor-session.type.ts(77,4): error TS1240: Unable to resolve signature of property decorator when called as an expression.
  Argument of type 'ClassFieldDecoratorContext<VisitorSession, string> & { name: "accountId"; private: false; static: false; }' is not assignable to parameter of type 'string | symbol'.
src/analytics/dto/visitor-session.type.ts(80,4): error TS1240: Unable to resolve signature of property decorator when called as an expression.
  Argument of type 'ClassFieldDecoratorContext<VisitorSession, string> & { name: "organizationName"; private: false; static: false; }' is not assignable to parameter of type 'string | symbol'.
src/analytics/dto/visitor-session.type.ts(83,4): error TS1240: Unable to resolve signature of property decorator when called as an expression.
  Argument of type 'ClassFieldDecoratorContext<VisitorSession, VisitorFlags> & { name: "flags"; private: false; static: false; }' is not assignable to parameter of type 'string | symbol'.
src/analytics/dto/visitor-session.type.ts(86,4): error TS1240: Unable to resolve signature of property decorator when called as an expression.
  Argument of type 'ClassFieldDecoratorContext<VisitorSession, boolean> & { name: "isActive"; private: false; static: false; }' is not assignable to parameter of type 'string | symbol'.
src/analytics/dto/visitor-session.type.ts(89,4): error TS1240: Unable to resolve signature of property decorator when called as an expression.
  Argument of type 'ClassFieldDecoratorContext<VisitorSession, Date> & { name: "lastActivityAt"; private: false; static: false; }' is not assignable to parameter of type 'string | symbol'.
src/auth/auth.resolver.ts(11,3): error TS1241: Unable to resolve signature of method decorator when called as an expression.
  The runtime will invoke the decorator with 2 arguments, but the decorator expects 3.
src/auth/auth.resolver.ts(11,4): error TS1270: Decorator function return type 'void | TypedPropertyDescriptor<unknown>' is not assignable to type 'void | ((input: LoginInput) => Promise<AuthResponse>)'.
  Type 'TypedPropertyDescriptor<unknown>' is not assignable to type 'void | ((input: LoginInput) => Promise<AuthResponse>)'.
src/auth/auth.resolver.ts(12,15): error TS1206: Decorators are not valid here.
src/auth/auth.resolver.ts(17,3): error TS1241: Unable to resolve signature of method decorator when called as an expression.
  The runtime will invoke the decorator with 2 arguments, but the decorator expects 3.
src/auth/auth.resolver.ts(17,4): error TS1270: Decorator function return type 'void | TypedPropertyDescriptor<unknown>' is not assignable to type 'void | ((input: RegisterInput) => Promise<AuthResponse>)'.
  Type 'TypedPropertyDescriptor<unknown>' is not assignable to type 'void | ((input: RegisterInput) => Promise<AuthResponse>)'.
src/auth/auth.resolver.ts(18,18): error TS1206: Decorators are not valid here.
src/auth/auth.service.ts(11,5): error TS1206: Decorators are not valid here.
src/auth/dto/auth.response.ts(5,4): error TS1240: Unable to resolve signature of property decorator when called as an expression.
  Argument of type 'ClassFieldDecoratorContext<UserResponse, string> & { name: "id"; private: false; static: false; }' is not assignable to parameter of type 'string | symbol'.
src/auth/dto/auth.response.ts(8,4): error TS1240: Unable to resolve signature of property decorator when called as an expression.
  Argument of type 'ClassFieldDecoratorContext<UserResponse, string> & { name: "email"; private: false; static: false; }' is not assignable to parameter of type 'string | symbol'.
src/auth/dto/auth.response.ts(11,4): error TS1240: Unable to resolve signature of property decorator when called as an expression.
  Argument of type 'ClassFieldDecoratorContext<UserResponse, string> & { name: "name"; private: false; static: false; }' is not assignable to parameter of type 'string | symbol'.
src/auth/dto/auth.response.ts(14,4): error TS1240: Unable to resolve signature of property decorator when called as an expression.
  Argument of type 'ClassFieldDecoratorContext<UserResponse, string> & { name: "role"; private: false; static: false; }' is not assignable to parameter of type 'string | symbol'.
src/auth/dto/auth.response.ts(20,4): error TS1240: Unable to resolve signature of property decorator when called as an expression.
  Argument of type 'ClassFieldDecoratorContext<AuthResponse, string> & { name: "accessToken"; private: false; static: false; }' is not assignable to parameter of type 'string | symbol'.
src/auth/dto/auth.response.ts(23,4): error TS1240: Unable to resolve signature of property decorator when called as an expression.
  Argument of type 'ClassFieldDecoratorContext<AuthResponse, UserResponse> & { name: "user"; private: false; static: false; }' is not assignable to parameter of type 'string | symbol'.
src/auth/dto/login.input.ts(6,4): error TS1240: Unable to resolve signature of property decorator when called as an expression.
  Argument of type 'ClassFieldDecoratorContext<LoginInput, string> & { name: "email"; private: false; static: false; }' is not assignable to parameter of type 'string | symbol'.
src/auth/dto/login.input.ts(7,4): error TS1240: Unable to resolve signature of property decorator when called as an expression.
  Argument of type 'ClassFieldDecoratorContext<LoginInput, string> & { name: "email"; private: false; static: false; }' is not assignable to parameter of type 'string | symbol'.
src/auth/dto/login.input.ts(10,4): error TS1240: Unable to resolve signature of property decorator when called as an expression.
  Argument of type 'ClassFieldDecoratorContext<LoginInput, string> & { name: "password"; private: false; static: false; }' is not assignable to parameter of type 'string | symbol'.
src/auth/dto/login.input.ts(11,4): error TS1240: Unable to resolve signature of property decorator when called as an expression.
  Argument of type 'ClassFieldDecoratorContext<LoginInput, string> & { name: "password"; private: false; static: false; }' is not assignable to parameter of type 'string | symbol'.
src/auth/dto/login.input.ts(12,4): error TS1240: Unable to resolve signature of property decorator when called as an expression.
  Argument of type 'ClassFieldDecoratorContext<LoginInput, string> & { name: "password"; private: false; static: false; }' is not assignable to parameter of type 'string | symbol'.
src/auth/dto/register.input.ts(6,4): error TS1240: Unable to resolve signature of property decorator when called as an expression.
  Argument of type 'ClassFieldDecoratorContext<RegisterInput, string> & { name: "email"; private: false; static: false; }' is not assignable to parameter of type 'string | symbol'.
src/auth/dto/register.input.ts(7,4): error TS1240: Unable to resolve signature of property decorator when called as an expression.
  Argument of type 'ClassFieldDecoratorContext<RegisterInput, string> & { name: "email"; private: false; static: false; }' is not assignable to parameter of type 'string | symbol'.
src/auth/dto/register.input.ts(10,4): error TS1240: Unable to resolve signature of property decorator when called as an expression.
  Argument of type 'ClassFieldDecoratorContext<RegisterInput, string> & { name: "password"; private: false; static: false; }' is not assignable to parameter of type 'string | symbol'.
src/auth/dto/register.input.ts(11,4): error TS1240: Unable to resolve signature of property decorator when called as an expression.
  Argument of type 'ClassFieldDecoratorContext<RegisterInput, string> & { name: "password"; private: false; static: false; }' is not assignable to parameter of type 'string | symbol'.
src/auth/dto/register.input.ts(12,4): error TS1240: Unable to resolve signature of property decorator when called as an expression.
  Argument of type 'ClassFieldDecoratorContext<RegisterInput, string> & { name: "password"; private: false; static: false; }' is not assignable to parameter of type 'string | symbol'.
src/auth/dto/register.input.ts(15,4): error TS1240: Unable to resolve signature of property decorator when called as an expression.
  Argument of type 'ClassFieldDecoratorContext<RegisterInput, string> & { name: "name"; private: false; static: false; }' is not assignable to parameter of type 'string | symbol'.
src/auth/dto/register.input.ts(16,4): error TS1240: Unable to resolve signature of property decorator when called as an expression.
  Argument of type 'ClassFieldDecoratorContext<RegisterInput, string> & { name: "name"; private: false; static: false; }' is not assignable to parameter of type 'string | symbol'.
src/auth/strategies/jwt.strategy.ts(13,5): error TS1206: Decorators are not valid here.
src/common/schemas/account.schema.ts(14,4): error TS1240: Unable to resolve signature of property decorator when called as an expression.
  Argument of type 'ClassFieldDecoratorContext<Account, string> & { name: "accountId"; private: false; static: false; }' is not assignable to parameter of type 'string | symbol'.
src/common/schemas/account.schema.ts(17,4): error TS1240: Unable to resolve signature of property decorator when called as an expression.
  Argument of type 'ClassFieldDecoratorContext<Account, string> & { name: "siteId"; private: false; static: false; }' is not assignable to parameter of type 'string | symbol'.
src/common/schemas/account.schema.ts(20,4): error TS1240: Unable to resolve signature of property decorator when called as an expression.
  Argument of type 'ClassFieldDecoratorContext<Account, string> & { name: "organizationName"; private: false; static: false; }' is not assignable to parameter of type 'string | symbol'.
src/common/schemas/account.schema.ts(23,4): error TS1240: Unable to resolve signature of property decorator when called as an expression.
  Argument of type 'ClassFieldDecoratorContext<Account, string> & { name: "domain"; private: false; static: false; }' is not assignable to parameter of type 'string | symbol'.
src/common/schemas/account.schema.ts(26,4): error TS1240: Unable to resolve signature of property decorator when called as an expression.
  Argument of type 'ClassFieldDecoratorContext<Account, string[]> & { name: "ipHashes"; private: false; static: false; }' is not assignable to parameter of type 'string | symbol'.
src/common/schemas/account.schema.ts(29,4): error TS1240: Unable to resolve signature of property decorator when called as an expression.
  Argument of type 'ClassFieldDecoratorContext<Account, number> & { name: "totalSessions"; private: false; static: false; }' is not assignable to parameter of type 'string | symbol'.
src/common/schemas/account.schema.ts(32,4): error TS1240: Unable to resolve signature of property decorator when called as an expression.
  Argument of type 'ClassFieldDecoratorContext<Account, number> & { name: "totalPageViews"; private: false; static: false; }' is not assignable to parameter of type 'string | symbol'.
src/common/schemas/account.schema.ts(35,4): error TS1240: Unable to resolve signature of property decorator when called as an expression.
  Argument of type 'ClassFieldDecoratorContext<Account, number> & { name: "totalTimeSpent"; private: false; static: false; }' is not assignable to parameter of type 'string | symbol'.
src/common/schemas/account.schema.ts(38,4): error TS1240: Unable to resolve signature of property decorator when called as an expression.
  Argument of type 'ClassFieldDecoratorContext<Account, string[]> & { name: "pagesVisited"; private: false; static: false; }' is not assignable to parameter of type 'string | symbol'.
src/common/schemas/account.schema.ts(41,4): error TS1240: Unable to resolve signature of property decorator when called as an expression.
  Argument of type 'ClassFieldDecoratorContext<Account, number> & { name: "engagementScore"; private: false; static: false; }' is not assignable to parameter of type 'string | symbol'.
src/common/schemas/account.schema.ts(44,4): error TS1240: Unable to resolve signature of property decorator when called as an expression.
  Argument of type 'ClassFieldDecoratorContext<Account, number> & { name: "intentScore"; private: false; static: false; }' is not assignable to parameter of type 'string | symbol'.
src/common/schemas/account.schema.ts(47,4): error TS1240: Unable to resolve signature of property decorator when called as an expression.
  Argument of type 'ClassFieldDecoratorContext<Account, { pricingPageVisits?: number; docsPageVisits?: number; apiPageVisits?: number; repeatVisits?: number; multiUserActivity?: number; avgTimePerSession?: number; avgPagesPerSession?: number; }> & { ...; }' is not assignable to parameter of type 'string | symbol'.
src/common/schemas/account.schema.ts(69,4): error TS1240: Unable to resolve signature of property decorator when called as an expression.
  Argument of type 'ClassFieldDecoratorContext<Account, "Looker" | "Researching" | "High Intent"> & { name: "category"; private: false; static: false; }' is not assignable to parameter of type 'string | symbol'.
src/common/schemas/account.schema.ts(76,4): error TS1240: Unable to resolve signature of property decorator when called as an expression.
  Argument of type 'ClassFieldDecoratorContext<Account, Date> & { name: "firstSeenAt"; private: false; static: false; }' is not assignable to parameter of type 'string | symbol'.
src/common/schemas/account.schema.ts(79,4): error TS1240: Unable to resolve signature of property decorator when called as an expression.
  Argument of type 'ClassFieldDecoratorContext<Account, Date> & { name: "lastSeenAt"; private: false; static: false; }' is not assignable to parameter of type 'string | symbol'.
src/common/schemas/account.schema.ts(82,4): error TS1240: Unable to resolve signature of property decorator when called as an expression.
  Argument of type 'ClassFieldDecoratorContext<Account, boolean> & { name: "isHighIntent"; private: false; static: false; }' is not assignable to parameter of type 'string | symbol'.
src/common/schemas/account.schema.ts(85,4): error TS1240: Unable to resolve signature of property decorator when called as an expression.
  Argument of type 'ClassFieldDecoratorContext<Account, Date> & { name: "lastIntentUpdateAt"; private: false; static: false; }' is not assignable to parameter of type 'string | symbol'.
src/common/schemas/crawl-job.schema.ts(20,6): error TS1240: Unable to resolve signature of property decorator when called as an expression.
  Argument of type 'ClassFieldDecoratorContext<CrawlJob, string> & { name: "jobId"; private: false; static: false; }' is not assignable to parameter of type 'string | symbol'.
src/common/schemas/crawl-job.schema.ts(23,6): error TS1240: Unable to resolve signature of property decorator when called as an expression.
  Argument of type 'ClassFieldDecoratorContext<CrawlJob, string> & { name: "siteId"; private: false; static: false; }' is not assignable to parameter of type 'string | symbol'.
src/common/schemas/crawl-job.schema.ts(26,6): error TS1240: Unable to resolve signature of property decorator when called as an expression.
  Argument of type 'ClassFieldDecoratorContext<CrawlJob, string> & { name: "startUrl"; private: false; static: false; }' is not assignable to parameter of type 'string | symbol'.
src/common/schemas/crawl-job.schema.ts(29,6): error TS1240: Unable to resolve signature of property decorator when called as an expression.
  Argument of type 'ClassFieldDecoratorContext<CrawlJob, CrawlJobStatus> & { name: "status"; private: false; static: false; }' is not assignable to parameter of type 'string | symbol'.
src/common/schemas/crawl-job.schema.ts(37,6): error TS1240: Unable to resolve signature of property decorator when called as an expression.
  Argument of type 'ClassFieldDecoratorContext<CrawlJob, number> & { name: "pagesDiscovered"; private: false; static: false; }' is not assignable to parameter of type 'string | symbol'.
src/common/schemas/crawl-job.schema.ts(40,6): error TS1240: Unable to resolve signature of property decorator when called as an expression.
  Argument of type 'ClassFieldDecoratorContext<CrawlJob, number> & { name: "pagesCrawled"; private: false; static: false; }' is not assignable to parameter of type 'string | symbol'.
src/common/schemas/crawl-job.schema.ts(43,6): error TS1240: Unable to resolve signature of property decorator when called as an expression.
  Argument of type 'ClassFieldDecoratorContext<CrawlJob, number> & { name: "pagesFailed"; private: false; static: false; }' is not assignable to parameter of type 'string | symbol'.
src/common/schemas/crawl-job.schema.ts(46,6): error TS1240: Unable to resolve signature of property decorator when called as an expression.
  Argument of type 'ClassFieldDecoratorContext<CrawlJob, string[]> & { name: "urlsQueued"; private: false; static: false; }' is not assignable to parameter of type 'string | symbol'.
src/common/schemas/crawl-job.schema.ts(49,6): error TS1240: Unable to resolve signature of property decorator when called as an expression.
  Argument of type 'ClassFieldDecoratorContext<CrawlJob, string[]> & { name: "urlsCrawled"; private: false; static: false; }' is not assignable to parameter of type 'string | symbol'.
src/common/schemas/crawl-job.schema.ts(52,6): error TS1240: Unable to resolve signature of property decorator when called as an expression.
  Argument of type 'ClassFieldDecoratorContext<CrawlJob, number> & { name: "maxPages"; private: false; static: false; }' is not assignable to parameter of type 'string | symbol'.
src/common/schemas/crawl-job.schema.ts(55,6): error TS1240: Unable to resolve signature of property decorator when called as an expression.
  Argument of type 'ClassFieldDecoratorContext<CrawlJob, number> & { name: "maxDepth"; private: false; static: false; }' is not assignable to parameter of type 'string | symbol'.
src/common/schemas/crawl-job.schema.ts(58,6): error TS1240: Unable to resolve signature of property decorator when called as an expression.
  Argument of type 'ClassFieldDecoratorContext<CrawlJob, boolean> & { name: "sameDomainOnly"; private: false; static: false; }' is not assignable to parameter of type 'string | symbol'.
src/common/schemas/crawl-job.schema.ts(61,6): error TS1240: Unable to resolve signature of property decorator when called as an expression.
  Argument of type 'ClassFieldDecoratorContext<CrawlJob, Date> & { name: "startedAt"; private: false; static: false; }' is not assignable to parameter of type 'string | symbol'.
src/common/schemas/crawl-job.schema.ts(64,6): error TS1240: Unable to resolve signature of property decorator when called as an expression.
  Argument of type 'ClassFieldDecoratorContext<CrawlJob, Date> & { name: "completedAt"; private: false; static: false; }' is not assignable to parameter of type 'string | symbol'.
src/common/schemas/crawl-job.schema.ts(67,6): error TS1240: Unable to resolve signature of property decorator when called as an expression.
  Argument of type 'ClassFieldDecoratorContext<CrawlJob, string> & { name: "error"; private: false; static: false; }' is not assignable to parameter of type 'string | symbol'.
src/common/schemas/page-event.schema.ts(14,4): error TS1240: Unable to resolve signature of property decorator when called as an expression.
  Argument of type 'ClassFieldDecoratorContext<PageEvent, string> & { name: "sessionId"; private: false; static: false; }' is not assignable to parameter of type 'string | symbol'.
src/common/schemas/page-event.schema.ts(17,4): error TS1240: Unable to resolve signature of property decorator when called as an expression.
  Argument of type 'ClassFieldDecoratorContext<PageEvent, string> & { name: "siteId"; private: false; static: false; }' is not assignable to parameter of type 'string | symbol'.
src/common/schemas/page-event.schema.ts(20,4): error TS1240: Unable to resolve signature of property decorator when called as an expression.
  Argument of type 'ClassFieldDecoratorContext<PageEvent, string> & { name: "pageUrl"; private: false; static: false; }' is not assignable to parameter of type 'string | symbol'.
src/common/schemas/page-event.schema.ts(23,4): error TS1240: Unable to resolve signature of property decorator when called as an expression.
  Argument of type 'ClassFieldDecoratorContext<PageEvent, "view" | "scroll" | "click" | "exit" | "time"> & { name: "eventType"; private: false; static: false; }' is not assignable to parameter of type 'string | symbol'.
src/common/schemas/page-event.schema.ts(26,4): error TS1240: Unable to resolve signature of property decorator when called as an expression.
  Argument of type 'ClassFieldDecoratorContext<PageEvent, Date> & { name: "timestamp"; private: false; static: false; }' is not assignable to parameter of type 'string | symbol'.
src/common/schemas/page-event.schema.ts(29,4): error TS1240: Unable to resolve signature of property decorator when called as an expression.
  Argument of type 'ClassFieldDecoratorContext<PageEvent, { scrollDepth?: number; timeOnPage?: number; elementType?: string; elementId?: string; clickX?: number; clickY?: number; }> & { ...; }' is not assignable to parameter of type 'string | symbol'.
src/common/schemas/page-event.schema.ts(49,4): error TS1240: Unable to resolve signature of property decorator when called as an expression.
  Argument of type 'ClassFieldDecoratorContext<PageEvent, Date> & { name: "expiresAt"; private: false; static: false; }' is not assignable to parameter of type 'string | symbol'.
src/common/schemas/raw-tracking-log.schema.ts(8,6): error TS1240: Unable to resolve signature of property decorator when called as an expression.
  Argument of type 'ClassFieldDecoratorContext<RawTrackingLog, string> & { name: "siteId"; private: false; static: false; }' is not assignable to parameter of type 'string | symbol'.
src/common/schemas/raw-tracking-log.schema.ts(11,6): error TS1240: Unable to resolve signature of property decorator when called as an expression.
  Argument of type 'ClassFieldDecoratorContext<RawTrackingLog, string> & { name: "sessionId"; private: false; static: false; }' is not assignable to parameter of type 'string | symbol'.
src/common/schemas/raw-tracking-log.schema.ts(14,6): error TS1240: Unable to resolve signature of property decorator when called as an expression.
  Argument of type 'ClassFieldDecoratorContext<RawTrackingLog, string> & { name: "url"; private: false; static: false; }' is not assignable to parameter of type 'string | symbol'.
src/common/schemas/raw-tracking-log.schema.ts(17,6): error TS1240: Unable to resolve signature of property decorator when called as an expression.
  Argument of type 'ClassFieldDecoratorContext<RawTrackingLog, Date> & { name: "timestamp"; private: false; static: false; }' is not assignable to parameter of type 'string | symbol'.
src/common/schemas/raw-tracking-log.schema.ts(20,6): error TS1240: Unable to resolve signature of property decorator when called as an expression.
  Argument of type 'ClassFieldDecoratorContext<RawTrackingLog, any> & { name: "raw_signals"; private: false; static: false; }' is not assignable to parameter of type 'string | symbol'.
src/common/schemas/raw-tracking-log.schema.ts(23,6): error TS1240: Unable to resolve signature of property decorator when called as an expression.
  Argument of type 'ClassFieldDecoratorContext<RawTrackingLog, string> & { name: "ipHash"; private: false; static: false; }' is not assignable to parameter of type 'string | symbol'.
src/common/schemas/raw-tracking-log.schema.ts(26,6): error TS1240: Unable to resolve signature of property decorator when called as an expression.
  Argument of type 'ClassFieldDecoratorContext<RawTrackingLog, string> & { name: "userAgent"; private: false; static: false; }' is not assignable to parameter of type 'string | symbol'.
src/common/schemas/site.schema.ts(13,4): error TS1240: Unable to resolve signature of property decorator when called as an expression.
  Argument of type 'ClassFieldDecoratorContext<Site, string> & { name: "siteId"; private: false; static: false; }' is not assignable to parameter of type 'string | symbol'.
src/common/schemas/site.schema.ts(16,4): error TS1240: Unable to resolve signature of property decorator when called as an expression.
  Argument of type 'ClassFieldDecoratorContext<Site, string> & { name: "name"; private: false; static: false; }' is not assignable to parameter of type 'string | symbol'.
src/common/schemas/site.schema.ts(19,4): error TS1240: Unable to resolve signature of property decorator when called as an expression.
  Argument of type 'ClassFieldDecoratorContext<Site, string> & { name: "domain"; private: false; static: false; }' is not assignable to parameter of type 'string | symbol'.
src/common/schemas/site.schema.ts(22,4): error TS1240: Unable to resolve signature of property decorator when called as an expression.
  Argument of type 'ClassFieldDecoratorContext<Site, string[]> & { name: "allowedDomains"; private: false; static: false; }' is not assignable to parameter of type 'string | symbol'.
src/common/schemas/site.schema.ts(25,4): error TS1240: Unable to resolve signature of property decorator when called as an expression.
  Argument of type 'ClassFieldDecoratorContext<Site, ObjectId> & { name: "userId"; private: false; static: false; }' is not assignable to parameter of type 'string | symbol'.
src/common/schemas/site.schema.ts(28,4): error TS1240: Unable to resolve signature of property decorator when called as an expression.
  Argument of type 'ClassFieldDecoratorContext<Site, boolean> & { name: "isActive"; private: false; static: false; }' is not assignable to parameter of type 'string | symbol'.
src/common/schemas/site.schema.ts(31,4): error TS1240: Unable to resolve signature of property decorator when called as an expression.
  Argument of type 'ClassFieldDecoratorContext<Site, { enableTracking: boolean; enableGeoLocation: boolean; enableBehaviorTracking: boolean; dataRetentionDays: number; trackingStartDelay: number; usePreGeneratedIntentUI: boolean; }> & { ...; }' is not assignable to parameter of type 'string | symbol'.
src/common/schemas/site.schema.ts(58,4): error TS1240: Unable to resolve signature of property decorator when called as an expression.
  Argument of type 'ClassFieldDecoratorContext<Site, string> & { name: "apiKey"; private: false; static: false; }' is not assignable to parameter of type 'string | symbol'.
src/common/schemas/site.schema.ts(61,4): error TS1240: Unable to resolve signature of property decorator when called as an expression.
  Argument of type 'ClassFieldDecoratorContext<Site, { primaryColor?: string; secondaryColor?: string; fontFamily?: string; borderRadius?: string; buttonBackground?: string; buttonTextColor?: string; logoUrl?: string; }> & { ...; }' is not assignable to parameter of type 'string | symbol'.
src/common/schemas/user.schema.ts(13,4): error TS1240: Unable to resolve signature of property decorator when called as an expression.
  Argument of type 'ClassFieldDecoratorContext<User, string> & { name: "email"; private: false; static: false; }' is not assignable to parameter of type 'string | symbol'.
src/common/schemas/user.schema.ts(16,4): error TS1240: Unable to resolve signature of property decorator when called as an expression.
  Argument of type 'ClassFieldDecoratorContext<User, string> & { name: "passwordHash"; private: false; static: false; }' is not assignable to parameter of type 'string | symbol'.
src/common/schemas/user.schema.ts(19,4): error TS1240: Unable to resolve signature of property decorator when called as an expression.
  Argument of type 'ClassFieldDecoratorContext<User, string> & { name: "name"; private: false; static: false; }' is not assignable to parameter of type 'string | symbol'.
src/common/schemas/user.schema.ts(22,4): error TS1240: Unable to resolve signature of property decorator when called as an expression.
  Argument of type 'ClassFieldDecoratorContext<User, "user" | "admin"> & { name: "role"; private: false; static: false; }' is not assignable to parameter of type 'string | symbol'.
src/common/schemas/user.schema.ts(29,4): error TS1240: Unable to resolve signature of property decorator when called as an expression.
  Argument of type 'ClassFieldDecoratorContext<User, boolean> & { name: "isActive"; private: false; static: false; }' is not assignable to parameter of type 'string | symbol'.
src/common/schemas/user.schema.ts(32,4): error TS1240: Unable to resolve signature of property decorator when called as an expression.
  Argument of type 'ClassFieldDecoratorContext<User, Date> & { name: "lastLoginAt"; private: false; static: false; }' is not assignable to parameter of type 'string | symbol'.
src/common/schemas/visitor-session.schema.ts(14,4): error TS1240: Unable to resolve signature of property decorator when called as an expression.
  Argument of type 'ClassFieldDecoratorContext<VisitorSession, string> & { name: "sessionId"; private: false; static: false; }' is not assignable to parameter of type 'string | symbol'.
src/common/schemas/visitor-session.schema.ts(17,4): error TS1240: Unable to resolve signature of property decorator when called as an expression.
  Argument of type 'ClassFieldDecoratorContext<VisitorSession, string> & { name: "siteId"; private: false; static: false; }' is not assignable to parameter of type 'string | symbol'.
src/common/schemas/visitor-session.schema.ts(20,4): error TS1240: Unable to resolve signature of property decorator when called as an expression.
  Argument of type 'ClassFieldDecoratorContext<VisitorSession, string> & { name: "ipHash"; private: false; static: false; }' is not assignable to parameter of type 'string | symbol'.
src/common/schemas/visitor-session.schema.ts(23,4): error TS1240: Unable to resolve signature of property decorator when called as an expression.
  Argument of type 'ClassFieldDecoratorContext<VisitorSession, { country?: string; region?: string; city?: string; lat?: number; lng?: number; timezone?: string; }> & { ...; }' is not assignable to parameter of type 'string | symbol'.
src/common/schemas/visitor-session.schema.ts(42,4): error TS1240: Unable to resolve signature of property decorator when called as an expression.
  Argument of type 'ClassFieldDecoratorContext<VisitorSession, string> & { name: "userAgent"; private: false; static: false; }' is not assignable to parameter of type 'string | symbol'.
src/common/schemas/visitor-session.schema.ts(45,4): error TS1240: Unable to resolve signature of property decorator when called as an expression.
  Argument of type 'ClassFieldDecoratorContext<VisitorSession, string> & { name: "referrer"; private: false; static: false; }' is not assignable to parameter of type 'string | symbol'.
src/common/schemas/visitor-session.schema.ts(48,4): error TS1240: Unable to resolve signature of property decorator when called as an expression.
  Argument of type 'ClassFieldDecoratorContext<VisitorSession, string[]> & { name: "utmParams"; private: false; static: false; }' is not assignable to parameter of type 'string | symbol'.
src/common/schemas/visitor-session.schema.ts(51,4): error TS1240: Unable to resolve signature of property decorator when called as an expression.
  Argument of type 'ClassFieldDecoratorContext<VisitorSession, Date> & { name: "startedAt"; private: false; static: false; }' is not assignable to parameter of type 'string | symbol'.
src/common/schemas/visitor-session.schema.ts(54,4): error TS1240: Unable to resolve signature of property decorator when called as an expression.
  Argument of type 'ClassFieldDecoratorContext<VisitorSession, Date> & { name: "endedAt"; private: false; static: false; }' is not assignable to parameter of type 'string | symbol'.
src/common/schemas/visitor-session.schema.ts(57,4): error TS1240: Unable to resolve signature of property decorator when called as an expression.
  Argument of type 'ClassFieldDecoratorContext<VisitorSession, string[]> & { name: "pagesVisited"; private: false; static: false; }' is not assignable to parameter of type 'string | symbol'.
src/common/schemas/visitor-session.schema.ts(60,4): error TS1240: Unable to resolve signature of property decorator when called as an expression.
  Argument of type 'ClassFieldDecoratorContext<VisitorSession, number> & { name: "totalPageViews"; private: false; static: false; }' is not assignable to parameter of type 'string | symbol'.
src/common/schemas/visitor-session.schema.ts(63,4): error TS1240: Unable to resolve signature of property decorator when called as an expression.
  Argument of type 'ClassFieldDecoratorContext<VisitorSession, number> & { name: "totalTimeSpent"; private: false; static: false; }' is not assignable to parameter of type 'string | symbol'.
src/common/schemas/visitor-session.schema.ts(66,4): error TS1240: Unable to resolve signature of property decorator when called as an expression.
  Argument of type 'ClassFieldDecoratorContext<VisitorSession, number> & { name: "maxScrollDepth"; private: false; static: false; }' is not assignable to parameter of type 'string | symbol'.
src/common/schemas/visitor-session.schema.ts(69,4): error TS1240: Unable to resolve signature of property decorator when called as an expression.
  Argument of type 'ClassFieldDecoratorContext<VisitorSession, string> & { name: "accountId"; private: false; static: false; }' is not assignable to parameter of type 'string | symbol'.
src/common/schemas/visitor-session.schema.ts(72,4): error TS1240: Unable to resolve signature of property decorator when called as an expression.
  Argument of type 'ClassFieldDecoratorContext<VisitorSession, string> & { name: "organizationName"; private: false; static: false; }' is not assignable to parameter of type 'string | symbol'.
src/common/schemas/visitor-session.schema.ts(75,4): error TS1240: Unable to resolve signature of property decorator when called as an expression.
  Argument of type 'ClassFieldDecoratorContext<VisitorSession, { isVPN?: boolean; isMobile?: boolean; isDataCenter?: boolean; isProxy?: boolean; }> & { name: "flags"; private: false; static: false; }' is not assignable to parameter of type 'string | symbol'.
src/common/schemas/visitor-session.schema.ts(91,4): error TS1240: Unable to resolve signature of property decorator when called as an expression.
  Argument of type 'ClassFieldDecoratorContext<VisitorSession, number> & { name: "intentScore"; private: false; static: false; }' is not assignable to parameter of type 'string | symbol'.
src/common/schemas/visitor-session.schema.ts(94,4): error TS1240: Unable to resolve signature of property decorator when called as an expression.
  Argument of type 'ClassFieldDecoratorContext<VisitorSession, string> & { name: "intentCategory"; private: false; static: false; }' is not assignable to parameter of type 'string | symbol'.
src/common/schemas/visitor-session.schema.ts(97,4): error TS1240: Unable to resolve signature of property decorator when called as an expression.
  Argument of type 'ClassFieldDecoratorContext<VisitorSession, boolean> & { name: "isActive"; private: false; static: false; }' is not assignable to parameter of type 'string | symbol'.
src/common/schemas/visitor-session.schema.ts(100,4): error TS1240: Unable to resolve signature of property decorator when called as an expression.
  Argument of type 'ClassFieldDecoratorContext<VisitorSession, Date> & { name: "lastActivityAt"; private: false; static: false; }' is not assignable to parameter of type 'string | symbol'.
src/common/schemas/visitor-session.schema.ts(104,4): error TS1240: Unable to resolve signature of property decorator when called as an expression.
  Argument of type 'ClassFieldDecoratorContext<VisitorSession, Date> & { name: "expiresAt"; private: false; static: false; }' is not assignable to parameter of type 'string | symbol'.
src/common/schemas/webhook.schema.ts(13,4): error TS1240: Unable to resolve signature of property decorator when called as an expression.
  Argument of type 'ClassFieldDecoratorContext<Webhook, string> & { name: "siteId"; private: false; static: false; }' is not assignable to parameter of type 'string | symbol'.
src/common/schemas/webhook.schema.ts(16,4): error TS1240: Unable to resolve signature of property decorator when called as an expression.
  Argument of type 'ClassFieldDecoratorContext<Webhook, string> & { name: "userId"; private: false; static: false; }' is not assignable to parameter of type 'string | symbol'.
src/common/schemas/webhook.schema.ts(19,4): error TS1240: Unable to resolve signature of property decorator when called as an expression.
  Argument of type 'ClassFieldDecoratorContext<Webhook, string> & { name: "url"; private: false; static: false; }' is not assignable to parameter of type 'string | symbol'.
src/common/schemas/webhook.schema.ts(22,4): error TS1240: Unable to resolve signature of property decorator when called as an expression.
  Argument of type 'ClassFieldDecoratorContext<Webhook, "high_intent" | "traffic_spike" | "both"> & { name: "eventType"; private: false; static: false; }' is not assignable to parameter of type 'string | symbol'.
src/common/schemas/webhook.schema.ts(25,4): error TS1240: Unable to resolve signature of property decorator when called as an expression.
  Argument of type 'ClassFieldDecoratorContext<Webhook, boolean> & { name: "isActive"; private: false; static: false; }' is not assignable to parameter of type 'string | symbol'.
src/common/schemas/webhook.schema.ts(28,4): error TS1240: Unable to resolve signature of property decorator when called as an expression.
  Argument of type 'ClassFieldDecoratorContext<Webhook, number> & { name: "successCount"; private: false; static: false; }' is not assignable to parameter of type 'string | symbol'.
src/common/schemas/webhook.schema.ts(31,4): error TS1240: Unable to resolve signature of property decorator when called as an expression.
  Argument of type 'ClassFieldDecoratorContext<Webhook, number> & { name: "failureCount"; private: false; static: false; }' is not assignable to parameter of type 'string | symbol'.
src/common/schemas/webhook.schema.ts(34,4): error TS1240: Unable to resolve signature of property decorator when called as an expression.
  Argument of type 'ClassFieldDecoratorContext<Webhook, Date> & { name: "lastTriggeredAt"; private: false; static: false; }' is not assignable to parameter of type 'string | symbol'.
src/crawler/crawler.resolver.ts(14,9): error TS1206: Decorators are not valid here.
src/crawler/crawler.resolver.ts(17,5): error TS1241: Unable to resolve signature of method decorator when called as an expression.
  The runtime will invoke the decorator with 2 arguments, but the decorator expects 3.
src/crawler/crawler.resolver.ts(17,6): error TS1270: Decorator function return type 'void | TypedPropertyDescriptor<unknown>' is not assignable to type 'void | ((jobId?: string, siteId?: string) => AsyncIterator<unknown, any, any>)'.
  Type 'TypedPropertyDescriptor<unknown>' is not assignable to type 'void | ((jobId?: string, siteId?: string) => AsyncIterator<unknown, any, any>)'.
src/crawler/crawler.resolver.ts(29,9): error TS1206: Decorators are not valid here.
src/crawler/crawler.resolver.ts(30,9): error TS1206: Decorators are not valid here.
src/crawler/crawler.resolver.ts(35,5): error TS1241: Unable to resolve signature of method decorator when called as an expression.
  The runtime will invoke the decorator with 2 arguments, but the decorator expects 3.
src/crawler/crawler.resolver.ts(35,6): error TS1270: Decorator function return type 'void | TypedPropertyDescriptor<unknown>' is not assignable to type 'void | ((input: StartCrawlInput) => Promise<CrawlJobStatus>)'.
  Type 'TypedPropertyDescriptor<unknown>' is not assignable to type 'void | ((input: StartCrawlInput) => Promise<CrawlJobStatus>)'.
src/crawler/crawler.resolver.ts(37,9): error TS1206: Decorators are not valid here.
src/crawler/crawler.resolver.ts(55,5): error TS1241: Unable to resolve signature of method decorator when called as an expression.
  The runtime will invoke the decorator with 2 arguments, but the decorator expects 3.
src/crawler/crawler.resolver.ts(55,6): error TS1270: Decorator function return type 'void | TypedPropertyDescriptor<unknown>' is not assignable to type 'void | ((jobId: string) => Promise<CrawlJobStatus>)'.
  Type 'TypedPropertyDescriptor<unknown>' is not assignable to type 'void | ((jobId: string) => Promise<CrawlJobStatus>)'.
src/crawler/crawler.resolver.ts(57,9): error TS1206: Decorators are not valid here.
src/crawler/crawler.resolver.ts(75,5): error TS1241: Unable to resolve signature of method decorator when called as an expression.
  The runtime will invoke the decorator with 2 arguments, but the decorator expects 3.
src/crawler/crawler.resolver.ts(75,6): error TS1270: Decorator function return type 'void | TypedPropertyDescriptor<unknown>' is not assignable to type 'void | ((siteId: string) => Promise<CrawlJobStatus[]>)'.
  Type 'TypedPropertyDescriptor<unknown>' is not assignable to type 'void | ((siteId: string) => Promise<CrawlJobStatus[]>)'.
src/crawler/crawler.resolver.ts(77,9): error TS1206: Decorators are not valid here.
src/crawler/crawler.resolver.ts(95,5): error TS1241: Unable to resolve signature of method decorator when called as an expression.
  The runtime will invoke the decorator with 2 arguments, but the decorator expects 3.
src/crawler/crawler.resolver.ts(95,6): error TS1270: Decorator function return type 'void | TypedPropertyDescriptor<unknown>' is not assignable to type 'void | ((siteId: string) => Promise<CrawlJobStatus[]>)'.
  Type 'TypedPropertyDescriptor<unknown>' is not assignable to type 'void | ((siteId: string) => Promise<CrawlJobStatus[]>)'.
src/crawler/crawler.resolver.ts(97,9): error TS1206: Decorators are not valid here.
src/crawler/crawler.resolver.ts(115,5): error TS1241: Unable to resolve signature of method decorator when called as an expression.
  The runtime will invoke the decorator with 2 arguments, but the decorator expects 3.
src/crawler/crawler.resolver.ts(115,6): error TS1270: Decorator function return type 'void | TypedPropertyDescriptor<unknown>' is not assignable to type 'void | ((jobId: string) => Promise<boolean>)'.
  Type 'TypedPropertyDescriptor<unknown>' is not assignable to type 'void | ((jobId: string) => Promise<boolean>)'.
src/crawler/crawler.resolver.ts(117,9): error TS1206: Decorators are not valid here.
src/crawler/crawler.resolver.ts(122,5): error TS1241: Unable to resolve signature of method decorator when called as an expression.
  The runtime will invoke the decorator with 2 arguments, but the decorator expects 3.
src/crawler/crawler.resolver.ts(122,6): error TS1270: Decorator function return type 'void | TypedPropertyDescriptor<unknown>' is not assignable to type 'void | ((jobId: string) => Promise<CrawlJobStatus>)'.
  Type 'TypedPropertyDescriptor<unknown>' is not assignable to type 'void | ((jobId: string) => Promise<CrawlJobStatus>)'.
src/crawler/crawler.resolver.ts(124,9): error TS1206: Decorators are not valid here.
src/crawler/crawler.resolver.ts(142,5): error TS1241: Unable to resolve signature of method decorator when called as an expression.
  The runtime will invoke the decorator with 2 arguments, but the decorator expects 3.
src/crawler/crawler.resolver.ts(142,6): error TS1270: Decorator function return type 'void | TypedPropertyDescriptor<unknown>' is not assignable to type 'void | ((jobId: string) => Promise<boolean>)'.
  Type 'TypedPropertyDescriptor<unknown>' is not assignable to type 'void | ((jobId: string) => Promise<boolean>)'.
src/crawler/crawler.resolver.ts(144,9): error TS1206: Decorators are not valid here.
src/crawler/crawler.service.ts(17,9): error TS1206: Decorators are not valid here.
src/crawler/crawler.service.ts(18,9): error TS1206: Decorators are not valid here.
src/crawler/dto/crawl-status.type.ts(16,6): error TS1240: Unable to resolve signature of property decorator when called as an expression.
  Argument of type 'ClassFieldDecoratorContext<CrawlJobStatus, string> & { name: "jobId"; private: false; static: false; }' is not assignable to parameter of type 'string | symbol'.
src/crawler/dto/crawl-status.type.ts(19,6): error TS1240: Unable to resolve signature of property decorator when called as an expression.
  Argument of type 'ClassFieldDecoratorContext<CrawlJobStatus, string> & { name: "siteId"; private: false; static: false; }' is not assignable to parameter of type 'string | symbol'.
src/crawler/dto/crawl-status.type.ts(22,6): error TS1240: Unable to resolve signature of property decorator when called as an expression.
  Argument of type 'ClassFieldDecoratorContext<CrawlJobStatus, CrawlStatus> & { name: "status"; private: false; static: false; }' is not assignable to parameter of type 'string | symbol'.
src/crawler/dto/crawl-status.type.ts(25,6): error TS1240: Unable to resolve signature of property decorator when called as an expression.
  Argument of type 'ClassFieldDecoratorContext<CrawlJobStatus, number> & { name: "pagesDiscovered"; private: false; static: false; }' is not assignable to parameter of type 'string | symbol'.
src/crawler/dto/crawl-status.type.ts(28,6): error TS1240: Unable to resolve signature of property decorator when called as an expression.
  Argument of type 'ClassFieldDecoratorContext<CrawlJobStatus, number> & { name: "pagesCrawled"; private: false; static: false; }' is not assignable to parameter of type 'string | symbol'.
src/crawler/dto/crawl-status.type.ts(31,6): error TS1240: Unable to resolve signature of property decorator when called as an expression.
  Argument of type 'ClassFieldDecoratorContext<CrawlJobStatus, number> & { name: "pagesFailed"; private: false; static: false; }' is not assignable to parameter of type 'string | symbol'.
src/crawler/dto/crawl-status.type.ts(34,6): error TS1240: Unable to resolve signature of property decorator when called as an expression.
  Argument of type 'ClassFieldDecoratorContext<CrawlJobStatus, Date> & { name: "startedAt"; private: false; static: false; }' is not assignable to parameter of type 'string | symbol'.
src/crawler/dto/crawl-status.type.ts(37,6): error TS1240: Unable to resolve signature of property decorator when called as an expression.
  Argument of type 'ClassFieldDecoratorContext<CrawlJobStatus, Date> & { name: "completedAt"; private: false; static: false; }' is not assignable to parameter of type 'string | symbol'.
src/crawler/dto/crawl-status.type.ts(40,6): error TS1240: Unable to resolve signature of property decorator when called as an expression.
  Argument of type 'ClassFieldDecoratorContext<CrawlJobStatus, string> & { name: "error"; private: false; static: false; }' is not assignable to parameter of type 'string | symbol'.
src/crawler/dto/crawl-status.type.ts(43,6): error TS1240: Unable to resolve signature of property decorator when called as an expression.
  Argument of type 'ClassFieldDecoratorContext<CrawlJobStatus, string[]> & { name: "urlsQueued"; private: false; static: false; }' is not assignable to parameter of type 'string | symbol'.
src/crawler/dto/start-crawl.input.ts(6,6): error TS1240: Unable to resolve signature of property decorator when called as an expression.
  Argument of type 'ClassFieldDecoratorContext<StartCrawlInput, string> & { name: "siteId"; private: false; static: false; }' is not assignable to parameter of type 'string | symbol'.
src/crawler/dto/start-crawl.input.ts(7,6): error TS1240: Unable to resolve signature of property decorator when called as an expression.
  Argument of type 'ClassFieldDecoratorContext<StartCrawlInput, string> & { name: "siteId"; private: false; static: false; }' is not assignable to parameter of type 'string | symbol'.
src/crawler/dto/start-crawl.input.ts(10,6): error TS1240: Unable to resolve signature of property decorator when called as an expression.
  Argument of type 'ClassFieldDecoratorContext<StartCrawlInput, string> & { name: "startUrl"; private: false; static: false; }' is not assignable to parameter of type 'string | symbol'.
src/crawler/dto/start-crawl.input.ts(11,6): error TS1240: Unable to resolve signature of property decorator when called as an expression.
  Argument of type 'ClassFieldDecoratorContext<StartCrawlInput, string> & { name: "startUrl"; private: false; static: false; }' is not assignable to parameter of type 'string | symbol'.
src/crawler/dto/start-crawl.input.ts(17,6): error TS1240: Unable to resolve signature of property decorator when called as an expression.
  Argument of type 'ClassFieldDecoratorContext<StartCrawlInput, number> & { name: "maxPages"; private: false; static: false; }' is not assignable to parameter of type 'string | symbol'.
src/crawler/dto/start-crawl.input.ts(18,6): error TS1240: Unable to resolve signature of property decorator when called as an expression.
  Argument of type 'ClassFieldDecoratorContext<StartCrawlInput, number> & { name: "maxPages"; private: false; static: false; }' is not assignable to parameter of type 'string | symbol'.
src/crawler/dto/start-crawl.input.ts(19,6): error TS1240: Unable to resolve signature of property decorator when called as an expression.
  Argument of type 'ClassFieldDecoratorContext<StartCrawlInput, number> & { name: "maxPages"; private: false; static: false; }' is not assignable to parameter of type 'string | symbol'.
src/crawler/dto/start-crawl.input.ts(20,6): error TS1240: Unable to resolve signature of property decorator when called as an expression.
  Argument of type 'ClassFieldDecoratorContext<StartCrawlInput, number> & { name: "maxPages"; private: false; static: false; }' is not assignable to parameter of type 'string | symbol'.
src/crawler/dto/start-crawl.input.ts(21,6): error TS1240: Unable to resolve signature of property decorator when called as an expression.
  Argument of type 'ClassFieldDecoratorContext<StartCrawlInput, number> & { name: "maxPages"; private: false; static: false; }' is not assignable to parameter of type 'string | symbol'.
src/crawler/dto/start-crawl.input.ts(24,6): error TS1240: Unable to resolve signature of property decorator when called as an expression.
  Argument of type 'ClassFieldDecoratorContext<StartCrawlInput, number> & { name: "maxDepth"; private: false; static: false; }' is not assignable to parameter of type 'string | symbol'.
src/crawler/dto/start-crawl.input.ts(25,6): error TS1240: Unable to resolve signature of property decorator when called as an expression.
  Argument of type 'ClassFieldDecoratorContext<StartCrawlInput, number> & { name: "maxDepth"; private: false; static: false; }' is not assignable to parameter of type 'string | symbol'.
src/crawler/dto/start-crawl.input.ts(26,6): error TS1240: Unable to resolve signature of property decorator when called as an expression.
  Argument of type 'ClassFieldDecoratorContext<StartCrawlInput, number> & { name: "maxDepth"; private: false; static: false; }' is not assignable to parameter of type 'string | symbol'.
src/crawler/dto/start-crawl.input.ts(27,6): error TS1240: Unable to resolve signature of property decorator when called as an expression.
  Argument of type 'ClassFieldDecoratorContext<StartCrawlInput, number> & { name: "maxDepth"; private: false; static: false; }' is not assignable to parameter of type 'string | symbol'.
src/crawler/dto/start-crawl.input.ts(28,6): error TS1240: Unable to resolve signature of property decorator when called as an expression.
  Argument of type 'ClassFieldDecoratorContext<StartCrawlInput, number> & { name: "maxDepth"; private: false; static: false; }' is not assignable to parameter of type 'string | symbol'.
src/crawler/dto/start-crawl.input.ts(31,6): error TS1240: Unable to resolve signature of property decorator when called as an expression.
  Argument of type 'ClassFieldDecoratorContext<StartCrawlInput, boolean> & { name: "sameDomainOnly"; private: false; static: false; }' is not assignable to parameter of type 'string | symbol'.
src/crawler/dto/start-crawl.input.ts(32,6): error TS1240: Unable to resolve signature of property decorator when called as an expression.
  Argument of type 'ClassFieldDecoratorContext<StartCrawlInput, boolean> & { name: "sameDomainOnly"; private: false; static: false; }' is not assignable to parameter of type 'string | symbol'.
src/crawler/processors/website-crawler.processor.ts(33,9): error TS1206: Decorators are not valid here.
src/crawler/processors/website-crawler.processor.ts(34,9): error TS1206: Decorators are not valid here.
src/crawler/processors/website-crawler.processor.ts(37,9): error TS1206: Decorators are not valid here.
src/crawler/processors/website-crawler.processor.ts(40,5): error TS1241: Unable to resolve signature of method decorator when called as an expression.
  The runtime will invoke the decorator with 2 arguments, but the decorator expects 3.
src/crawler/processors/website-crawler.processor.ts(40,6): error TS1270: Decorator function return type 'void | TypedPropertyDescriptor<unknown>' is not assignable to type 'void | ((job: Job<CrawlJobData>) => void)'.
  Type 'TypedPropertyDescriptor<unknown>' is not assignable to type 'void | ((job: Job<CrawlJobData>) => void)'.
src/crawler/processors/website-crawler.processor.ts(45,5): error TS1241: Unable to resolve signature of method decorator when called as an expression.
  The runtime will invoke the decorator with 2 arguments, but the decorator expects 3.
src/crawler/processors/website-crawler.processor.ts(45,6): error TS1270: Decorator function return type 'void | TypedPropertyDescriptor<unknown>' is not assignable to type 'void | ((job: Job<CrawlJobData>) => Promise<void>)'.
  Type 'TypedPropertyDescriptor<unknown>' is not assignable to type 'void | ((job: Job<CrawlJobData>) => Promise<void>)'.
src/crawler/processors/website-crawler.processor.ts(50,5): error TS1241: Unable to resolve signature of method decorator when called as an expression.
  The runtime will invoke the decorator with 2 arguments, but the decorator expects 3.
src/crawler/processors/website-crawler.processor.ts(50,6): error TS1270: Decorator function return type 'void | TypedPropertyDescriptor<unknown>' is not assignable to type 'void | ((job: Job<CrawlJobData>, error: Error) => Promise<void>)'.
  Type 'TypedPropertyDescriptor<unknown>' is not assignable to type 'void | ((job: Job<CrawlJobData>, error: Error) => Promise<void>)'.
src/crawler/processors/website-crawler.processor.ts(67,5): error TS1241: Unable to resolve signature of method decorator when called as an expression.
  The runtime will invoke the decorator with 2 arguments, but the decorator expects 3.
src/crawler/processors/website-crawler.processor.ts(67,6): error TS1270: Decorator function return type 'void | TypedPropertyDescriptor<unknown>' is not assignable to type 'void | ((job: Job<CrawlJobData>) => Promise<{ success: boolean; pagesCrawled: number; pagesFailed: number; }>)'.
  Type 'TypedPropertyDescriptor<unknown>' is not assignable to type 'void | ((job: Job<CrawlJobData>) => Promise<{ success: boolean; pagesCrawled: number; pagesFailed: number; }>)'.
src/crawler/processors/website-crawler.processor.ts(216,40): error TS2802: Type 'Set<string>' can only be iterated through when using the '--downlevelIteration' flag or with a '--target' of 'es2015' or higher.
src/health/health.controller.ts(7,15): error TS1206: Decorators are not valid here.
src/health/health.controller.ts(9,3): error TS1241: Unable to resolve signature of method decorator when called as an expression.
  The runtime will invoke the decorator with 2 arguments, but the decorator expects 3.
src/health/health.controller.ts(9,4): error TS1270: Decorator function return type 'void | TypedPropertyDescriptor<unknown>' is not assignable to type 'void | (() => Promise<{ status: string; timestamp: string; services: { mongodb: string; }; }>)'.
  Type 'TypedPropertyDescriptor<unknown>' is not assignable to type 'void | (() => Promise<{ status: string; timestamp: string; services: { mongodb: string; }; }>)'.
src/health/health.controller.ts(22,3): error TS1241: Unable to resolve signature of method decorator when called as an expression.
  The runtime will invoke the decorator with 2 arguments, but the decorator expects 3.
src/health/health.controller.ts(22,4): error TS1270: Decorator function return type 'void | TypedPropertyDescriptor<unknown>' is not assignable to type 'void | (() => Promise<{ ready: boolean; }>)'.
  Type 'TypedPropertyDescriptor<unknown>' is not assignable to type 'void | (() => Promise<{ ready: boolean; }>)'.
src/intent/dto/intent-prompt.input.ts(6,6): error TS1240: Unable to resolve signature of property decorator when called as an expression.
  Argument of type 'ClassFieldDecoratorContext<CreateIntentPromptInput, string> & { name: "siteId"; private: false; static: false; }' is not assignable to parameter of type 'string | symbol'.
src/intent/dto/intent-prompt.input.ts(7,6): error TS1240: Unable to resolve signature of property decorator when called as an expression.
  Argument of type 'ClassFieldDecoratorContext<CreateIntentPromptInput, string> & { name: "siteId"; private: false; static: false; }' is not assignable to parameter of type 'string | symbol'.
src/intent/dto/intent-prompt.input.ts(10,6): error TS1240: Unable to resolve signature of property decorator when called as an expression.
  Argument of type 'ClassFieldDecoratorContext<CreateIntentPromptInput, string> & { name: "intent"; private: false; static: false; }' is not assignable to parameter of type 'string | symbol'.
src/intent/dto/intent-prompt.input.ts(11,6): error TS1240: Unable to resolve signature of property decorator when called as an expression.
  Argument of type 'ClassFieldDecoratorContext<CreateIntentPromptInput, string> & { name: "intent"; private: false; static: false; }' is not assignable to parameter of type 'string | symbol'.
src/intent/dto/intent-prompt.input.ts(14,6): error TS1240: Unable to resolve signature of property decorator when called as an expression.
  Argument of type 'ClassFieldDecoratorContext<CreateIntentPromptInput, string> & { name: "prompt"; private: false; static: false; }' is not assignable to parameter of type 'string | symbol'.
src/intent/dto/intent-prompt.input.ts(15,6): error TS1240: Unable to resolve signature of property decorator when called as an expression.
  Argument of type 'ClassFieldDecoratorContext<CreateIntentPromptInput, string> & { name: "prompt"; private: false; static: false; }' is not assignable to parameter of type 'string | symbol'.
src/intent/dto/intent-prompt.input.ts(18,6): error TS1240: Unable to resolve signature of property decorator when called as an expression.
  Argument of type 'ClassFieldDecoratorContext<CreateIntentPromptInput, string> & { name: "description"; private: false; static: false; }' is not assignable to parameter of type 'string | symbol'.
src/intent/dto/intent-prompt.input.ts(19,6): error TS1240: Unable to resolve signature of property decorator when called as an expression.
  Argument of type 'ClassFieldDecoratorContext<CreateIntentPromptInput, string> & { name: "description"; private: false; static: false; }' is not assignable to parameter of type 'string | symbol'.
src/intent/dto/intent-prompt.input.ts(20,6): error TS1240: Unable to resolve signature of property decorator when called as an expression.
  Argument of type 'ClassFieldDecoratorContext<CreateIntentPromptInput, string> & { name: "description"; private: false; static: false; }' is not assignable to parameter of type 'string | symbol'.
src/intent/dto/intent-prompt.input.ts(23,6): error TS1240: Unable to resolve signature of property decorator when called as an expression.
  Argument of type 'ClassFieldDecoratorContext<CreateIntentPromptInput, boolean> & { name: "isActive"; private: false; static: false; }' is not assignable to parameter of type 'string | symbol'.
src/intent/dto/intent-prompt.input.ts(24,6): error TS1240: Unable to resolve signature of property decorator when called as an expression.
  Argument of type 'ClassFieldDecoratorContext<CreateIntentPromptInput, boolean> & { name: "isActive"; private: false; static: false; }' is not assignable to parameter of type 'string | symbol'.
src/intent/dto/intent-prompt.input.ts(25,6): error TS1240: Unable to resolve signature of property decorator when called as an expression.
  Argument of type 'ClassFieldDecoratorContext<CreateIntentPromptInput, boolean> & { name: "isActive"; private: false; static: false; }' is not assignable to parameter of type 'string | symbol'.
src/intent/dto/intent-prompt.input.ts(31,6): error TS1240: Unable to resolve signature of property decorator when called as an expression.
  Argument of type 'ClassFieldDecoratorContext<UpdateIntentPromptInput, string> & { name: "id"; private: false; static: false; }' is not assignable to parameter of type 'string | symbol'.
src/intent/dto/intent-prompt.input.ts(32,6): error TS1240: Unable to resolve signature of property decorator when called as an expression.
  Argument of type 'ClassFieldDecoratorContext<UpdateIntentPromptInput, string> & { name: "id"; private: false; static: false; }' is not assignable to parameter of type 'string | symbol'.
src/intent/dto/intent-prompt.input.ts(35,6): error TS1240: Unable to resolve signature of property decorator when called as an expression.
  Argument of type 'ClassFieldDecoratorContext<UpdateIntentPromptInput, string> & { name: "intent"; private: false; static: false; }' is not assignable to parameter of type 'string | symbol'.
src/intent/dto/intent-prompt.input.ts(36,6): error TS1240: Unable to resolve signature of property decorator when called as an expression.
  Argument of type 'ClassFieldDecoratorContext<UpdateIntentPromptInput, string> & { name: "intent"; private: false; static: false; }' is not assignable to parameter of type 'string | symbol'.
src/intent/dto/intent-prompt.input.ts(37,6): error TS1240: Unable to resolve signature of property decorator when called as an expression.
  Argument of type 'ClassFieldDecoratorContext<UpdateIntentPromptInput, string> & { name: "intent"; private: false; static: false; }' is not assignable to parameter of type 'string | symbol'.
src/intent/dto/intent-prompt.input.ts(40,6): error TS1240: Unable to resolve signature of property decorator when called as an expression.
  Argument of type 'ClassFieldDecoratorContext<UpdateIntentPromptInput, string> & { name: "prompt"; private: false; static: false; }' is not assignable to parameter of type 'string | symbol'.
src/intent/dto/intent-prompt.input.ts(41,6): error TS1240: Unable to resolve signature of property decorator when called as an expression.
  Argument of type 'ClassFieldDecoratorContext<UpdateIntentPromptInput, string> & { name: "prompt"; private: false; static: false; }' is not assignable to parameter of type 'string | symbol'.
src/intent/dto/intent-prompt.input.ts(42,6): error TS1240: Unable to resolve signature of property decorator when called as an expression.
  Argument of type 'ClassFieldDecoratorContext<UpdateIntentPromptInput, string> & { name: "prompt"; private: false; static: false; }' is not assignable to parameter of type 'string | symbol'.
src/intent/dto/intent-prompt.input.ts(45,6): error TS1240: Unable to resolve signature of property decorator when called as an expression.
  Argument of type 'ClassFieldDecoratorContext<UpdateIntentPromptInput, string> & { name: "description"; private: false; static: false; }' is not assignable to parameter of type 'string | symbol'.
src/intent/dto/intent-prompt.input.ts(46,6): error TS1240: Unable to resolve signature of property decorator when called as an expression.
  Argument of type 'ClassFieldDecoratorContext<UpdateIntentPromptInput, string> & { name: "description"; private: false; static: false; }' is not assignable to parameter of type 'string | symbol'.
src/intent/dto/intent-prompt.input.ts(47,6): error TS1240: Unable to resolve signature of property decorator when called as an expression.
  Argument of type 'ClassFieldDecoratorContext<UpdateIntentPromptInput, string> & { name: "description"; private: false; static: false; }' is not assignable to parameter of type 'string | symbol'.
src/intent/dto/intent-prompt.input.ts(50,6): error TS1240: Unable to resolve signature of property decorator when called as an expression.
  Argument of type 'ClassFieldDecoratorContext<UpdateIntentPromptInput, string> & { name: "generatedHtml"; private: false; static: false; }' is not assignable to parameter of type 'string | symbol'.
src/intent/dto/intent-prompt.input.ts(51,6): error TS1240: Unable to resolve signature of property decorator when called as an expression.
  Argument of type 'ClassFieldDecoratorContext<UpdateIntentPromptInput, string> & { name: "generatedHtml"; private: false; static: false; }' is not assignable to parameter of type 'string | symbol'.
src/intent/dto/intent-prompt.input.ts(52,6): error TS1240: Unable to resolve signature of property decorator when called as an expression.
  Argument of type 'ClassFieldDecoratorContext<UpdateIntentPromptInput, string> & { name: "generatedHtml"; private: false; static: false; }' is not assignable to parameter of type 'string | symbol'.
src/intent/dto/intent-prompt.input.ts(55,6): error TS1240: Unable to resolve signature of property decorator when called as an expression.
  Argument of type 'ClassFieldDecoratorContext<UpdateIntentPromptInput, string> & { name: "generatedCss"; private: false; static: false; }' is not assignable to parameter of type 'string | symbol'.
src/intent/dto/intent-prompt.input.ts(56,6): error TS1240: Unable to resolve signature of property decorator when called as an expression.
  Argument of type 'ClassFieldDecoratorContext<UpdateIntentPromptInput, string> & { name: "generatedCss"; private: false; static: false; }' is not assignable to parameter of type 'string | symbol'.
src/intent/dto/intent-prompt.input.ts(57,6): error TS1240: Unable to resolve signature of property decorator when called as an expression.
  Argument of type 'ClassFieldDecoratorContext<UpdateIntentPromptInput, string> & { name: "generatedCss"; private: false; static: false; }' is not assignable to parameter of type 'string | symbol'.
src/intent/dto/intent-prompt.input.ts(60,6): error TS1240: Unable to resolve signature of property decorator when called as an expression.
  Argument of type 'ClassFieldDecoratorContext<UpdateIntentPromptInput, string> & { name: "generatedJs"; private: false; static: false; }' is not assignable to parameter of type 'string | symbol'.
src/intent/dto/intent-prompt.input.ts(61,6): error TS1240: Unable to resolve signature of property decorator when called as an expression.
  Argument of type 'ClassFieldDecoratorContext<UpdateIntentPromptInput, string> & { name: "generatedJs"; private: false; static: false; }' is not assignable to parameter of type 'string | symbol'.
src/intent/dto/intent-prompt.input.ts(62,6): error TS1240: Unable to resolve signature of property decorator when called as an expression.
  Argument of type 'ClassFieldDecoratorContext<UpdateIntentPromptInput, string> & { name: "generatedJs"; private: false; static: false; }' is not assignable to parameter of type 'string | symbol'.
src/intent/dto/intent-prompt.input.ts(65,6): error TS1240: Unable to resolve signature of property decorator when called as an expression.
  Argument of type 'ClassFieldDecoratorContext<UpdateIntentPromptInput, boolean> & { name: "isActive"; private: false; static: false; }' is not assignable to parameter of type 'string | symbol'.
src/intent/dto/intent-prompt.input.ts(66,6): error TS1240: Unable to resolve signature of property decorator when called as an expression.
  Argument of type 'ClassFieldDecoratorContext<UpdateIntentPromptInput, boolean> & { name: "isActive"; private: false; static: false; }' is not assignable to parameter of type 'string | symbol'.
src/intent/dto/intent-prompt.input.ts(67,6): error TS1240: Unable to resolve signature of property decorator when called as an expression.
  Argument of type 'ClassFieldDecoratorContext<UpdateIntentPromptInput, boolean> & { name: "isActive"; private: false; static: false; }' is not assignable to parameter of type 'string | symbol'.
src/intent/dto/intent-prompt.object.ts(5,6): error TS1240: Unable to resolve signature of property decorator when called as an expression.
  Argument of type 'ClassFieldDecoratorContext<IntentPrompt, string> & { name: "id"; private: false; static: false; }' is not assignable to parameter of type 'string | symbol'.
src/intent/dto/intent-prompt.object.ts(8,6): error TS1240: Unable to resolve signature of property decorator when called as an expression.
  Argument of type 'ClassFieldDecoratorContext<IntentPrompt, string> & { name: "siteId"; private: false; static: false; }' is not assignable to parameter of type 'string | symbol'.
src/intent/dto/intent-prompt.object.ts(11,6): error TS1240: Unable to resolve signature of property decorator when called as an expression.
  Argument of type 'ClassFieldDecoratorContext<IntentPrompt, string> & { name: "intent"; private: false; static: false; }' is not assignable to parameter of type 'string | symbol'.
src/intent/dto/intent-prompt.object.ts(14,6): error TS1240: Unable to resolve signature of property decorator when called as an expression.
  Argument of type 'ClassFieldDecoratorContext<IntentPrompt, string> & { name: "prompt"; private: false; static: false; }' is not assignable to parameter of type 'string | symbol'.
src/intent/dto/intent-prompt.object.ts(17,6): error TS1240: Unable to resolve signature of property decorator when called as an expression.
  Argument of type 'ClassFieldDecoratorContext<IntentPrompt, string> & { name: "description"; private: false; static: false; }' is not assignable to parameter of type 'string | symbol'.
src/intent/dto/intent-prompt.object.ts(20,6): error TS1240: Unable to resolve signature of property decorator when called as an expression.
  Argument of type 'ClassFieldDecoratorContext<IntentPrompt, string> & { name: "generatedHtml"; private: false; static: false; }' is not assignable to parameter of type 'string | symbol'.
src/intent/dto/intent-prompt.object.ts(23,6): error TS1240: Unable to resolve signature of property decorator when called as an expression.
  Argument of type 'ClassFieldDecoratorContext<IntentPrompt, string> & { name: "generatedCss"; private: false; static: false; }' is not assignable to parameter of type 'string | symbol'.
src/intent/dto/intent-prompt.object.ts(26,6): error TS1240: Unable to resolve signature of property decorator when called as an expression.
  Argument of type 'ClassFieldDecoratorContext<IntentPrompt, string> & { name: "generatedJs"; private: false; static: false; }' is not assignable to parameter of type 'string | symbol'.
src/intent/dto/intent-prompt.object.ts(29,6): error TS1240: Unable to resolve signature of property decorator when called as an expression.
  Argument of type 'ClassFieldDecoratorContext<IntentPrompt, boolean> & { name: "isActive"; private: false; static: false; }' is not assignable to parameter of type 'string | symbol'.
src/intent/dto/intent-prompt.object.ts(32,6): error TS1240: Unable to resolve signature of property decorator when called as an expression.
  Argument of type 'ClassFieldDecoratorContext<IntentPrompt, Date> & { name: "createdAt"; private: false; static: false; }' is not assignable to parameter of type 'string | symbol'.
src/intent/dto/intent-prompt.object.ts(35,6): error TS1240: Unable to resolve signature of property decorator when called as an expression.
  Argument of type 'ClassFieldDecoratorContext<IntentPrompt, Date> & { name: "updatedAt"; private: false; static: false; }' is not assignable to parameter of type 'string | symbol'.
src/intent/dto/intent-prompt.object.ts(42,6): error TS1240: Unable to resolve signature of property decorator when called as an expression.
  Argument of type 'ClassFieldDecoratorContext<IntentPreview, string> & { name: "html"; private: false; static: false; }' is not assignable to parameter of type 'string | symbol'.
src/intent/dto/intent-prompt.object.ts(45,6): error TS1240: Unable to resolve signature of property decorator when called as an expression.
  Argument of type 'ClassFieldDecoratorContext<IntentPreview, string> & { name: "css"; private: false; static: false; }' is not assignable to parameter of type 'string | symbol'.
src/intent/dto/intent-prompt.object.ts(48,6): error TS1240: Unable to resolve signature of property decorator when called as an expression.
  Argument of type 'ClassFieldDecoratorContext<IntentPreview, string> & { name: "js"; private: false; static: false; }' is not assignable to parameter of type 'string | symbol'.
src/intent/intent-prompts.resolver.ts(13,5): error TS1241: Unable to resolve signature of method decorator when called as an expression.
  The runtime will invoke the decorator with 2 arguments, but the decorator expects 3.
src/intent/intent-prompts.resolver.ts(13,6): error TS1270: Decorator function return type 'void | TypedPropertyDescriptor<unknown>' is not assignable to type 'void | ((siteId: string) => Promise<IntentPrompt[]>)'.
  Type 'TypedPropertyDescriptor<unknown>' is not assignable to type 'void | ((siteId: string) => Promise<IntentPrompt[]>)'.
src/intent/intent-prompts.resolver.ts(14,28): error TS1206: Decorators are not valid here.
src/intent/intent-prompts.resolver.ts(18,5): error TS1241: Unable to resolve signature of method decorator when called as an expression.
  The runtime will invoke the decorator with 2 arguments, but the decorator expects 3.
src/intent/intent-prompts.resolver.ts(18,6): error TS1270: Decorator function return type 'void | TypedPropertyDescriptor<unknown>' is not assignable to type 'void | ((input: CreateIntentPromptInput) => Promise<IntentPrompt>)'.
  Type 'TypedPropertyDescriptor<unknown>' is not assignable to type 'void | ((input: CreateIntentPromptInput) => Promise<IntentPrompt>)'.
src/intent/intent-prompts.resolver.ts(19,30): error TS1206: Decorators are not valid here.
src/intent/intent-prompts.resolver.ts(23,5): error TS1241: Unable to resolve signature of method decorator when called as an expression.
  The runtime will invoke the decorator with 2 arguments, but the decorator expects 3.
src/intent/intent-prompts.resolver.ts(23,6): error TS1270: Decorator function return type 'void | TypedPropertyDescriptor<unknown>' is not assignable to type 'void | ((input: UpdateIntentPromptInput) => Promise<IntentPrompt>)'.
  Type 'TypedPropertyDescriptor<unknown>' is not assignable to type 'void | ((input: UpdateIntentPromptInput) => Promise<IntentPrompt>)'.
src/intent/intent-prompts.resolver.ts(24,30): error TS1206: Decorators are not valid here.
src/intent/intent-prompts.resolver.ts(28,5): error TS1241: Unable to resolve signature of method decorator when called as an expression.
  The runtime will invoke the decorator with 2 arguments, but the decorator expects 3.
src/intent/intent-prompts.resolver.ts(28,6): error TS1270: Decorator function return type 'void | TypedPropertyDescriptor<unknown>' is not assignable to type 'void | ((id: string) => Promise<boolean>)'.
  Type 'TypedPropertyDescriptor<unknown>' is not assignable to type 'void | ((id: string) => Promise<boolean>)'.
src/intent/intent-prompts.resolver.ts(29,30): error TS1206: Decorators are not valid here.
src/intent/intent-prompts.resolver.ts(33,5): error TS1241: Unable to resolve signature of method decorator when called as an expression.
  The runtime will invoke the decorator with 2 arguments, but the decorator expects 3.
src/intent/intent-prompts.resolver.ts(33,6): error TS1270: Decorator function return type 'void | TypedPropertyDescriptor<unknown>' is not assignable to type 'void | ((siteId: string, intent: string, prompt: string) => Promise<{ html: string; css: string; js: string; }>)'.
  Type 'TypedPropertyDescriptor<unknown>' is not assignable to type 'void | ((siteId: string, intent: string, prompt: string) => Promise<{ html: string; css: string; js: string; }>)'.
src/intent/intent-prompts.resolver.ts(35,9): error TS1206: Decorators are not valid here.
src/intent/intent-prompts.resolver.ts(36,9): error TS1206: Decorators are not valid here.
src/intent/intent-prompts.resolver.ts(37,9): error TS1206: Decorators are not valid here.
src/intent/intent-prompts.service.ts(13,9): error TS1206: Decorators are not valid here.
src/intent/schemas/intent-prompt.schema.ts(8,6): error TS1240: Unable to resolve signature of property decorator when called as an expression.
  Argument of type 'ClassFieldDecoratorContext<IntentPrompt, string> & { name: "siteId"; private: false; static: false; }' is not assignable to parameter of type 'string | symbol'.
src/intent/schemas/intent-prompt.schema.ts(11,6): error TS1240: Unable to resolve signature of property decorator when called as an expression.
  Argument of type 'ClassFieldDecoratorContext<IntentPrompt, string> & { name: "intent"; private: false; static: false; }' is not assignable to parameter of type 'string | symbol'.
src/intent/schemas/intent-prompt.schema.ts(14,6): error TS1240: Unable to resolve signature of property decorator when called as an expression.
  Argument of type 'ClassFieldDecoratorContext<IntentPrompt, string> & { name: "prompt"; private: false; static: false; }' is not assignable to parameter of type 'string | symbol'.
src/intent/schemas/intent-prompt.schema.ts(17,6): error TS1240: Unable to resolve signature of property decorator when called as an expression.
  Argument of type 'ClassFieldDecoratorContext<IntentPrompt, string> & { name: "description"; private: false; static: false; }' is not assignable to parameter of type 'string | symbol'.
src/intent/schemas/intent-prompt.schema.ts(20,6): error TS1240: Unable to resolve signature of property decorator when called as an expression.
  Argument of type 'ClassFieldDecoratorContext<IntentPrompt, string> & { name: "generatedHtml"; private: false; static: false; }' is not assignable to parameter of type 'string | symbol'.
src/intent/schemas/intent-prompt.schema.ts(23,6): error TS1240: Unable to resolve signature of property decorator when called as an expression.
  Argument of type 'ClassFieldDecoratorContext<IntentPrompt, string> & { name: "generatedCss"; private: false; static: false; }' is not assignable to parameter of type 'string | symbol'.
src/intent/schemas/intent-prompt.schema.ts(26,6): error TS1240: Unable to resolve signature of property decorator when called as an expression.
  Argument of type 'ClassFieldDecoratorContext<IntentPrompt, string> & { name: "generatedJs"; private: false; static: false; }' is not assignable to parameter of type 'string | symbol'.
src/intent/schemas/intent-prompt.schema.ts(29,6): error TS1240: Unable to resolve signature of property decorator when called as an expression.
  Argument of type 'ClassFieldDecoratorContext<IntentPrompt, boolean> & { name: "isActive"; private: false; static: false; }' is not assignable to parameter of type 'string | symbol'.
src/sites/dto/create-site.input.ts(6,4): error TS1240: Unable to resolve signature of property decorator when called as an expression.
  Argument of type 'ClassFieldDecoratorContext<CreateSiteInput, string> & { name: "name"; private: false; static: false; }' is not assignable to parameter of type 'string | symbol'.
src/sites/dto/create-site.input.ts(7,4): error TS1240: Unable to resolve signature of property decorator when called as an expression.
  Argument of type 'ClassFieldDecoratorContext<CreateSiteInput, string> & { name: "name"; private: false; static: false; }' is not assignable to parameter of type 'string | symbol'.
src/sites/dto/create-site.input.ts(10,4): error TS1240: Unable to resolve signature of property decorator when called as an expression.
  Argument of type 'ClassFieldDecoratorContext<CreateSiteInput, string> & { name: "domain"; private: false; static: false; }' is not assignable to parameter of type 'string | symbol'.
src/sites/dto/create-site.input.ts(11,4): error TS1240: Unable to resolve signature of property decorator when called as an expression.
  Argument of type 'ClassFieldDecoratorContext<CreateSiteInput, string> & { name: "domain"; private: false; static: false; }' is not assignable to parameter of type 'string | symbol'.
src/sites/dto/create-site.input.ts(12,4): error TS1240: Unable to resolve signature of property decorator when called as an expression.
  Argument of type 'ClassFieldDecoratorContext<CreateSiteInput, string> & { name: "domain"; private: false; static: false; }' is not assignable to parameter of type 'string | symbol'.
src/sites/dto/site.type.ts(5,4): error TS1240: Unable to resolve signature of property decorator when called as an expression.
  Argument of type 'ClassFieldDecoratorContext<SiteSettings, boolean> & { name: "enableTracking"; private: false; static: false; }' is not assignable to parameter of type 'string | symbol'.
src/sites/dto/site.type.ts(8,4): error TS1240: Unable to resolve signature of property decorator when called as an expression.
  Argument of type 'ClassFieldDecoratorContext<SiteSettings, boolean> & { name: "enableGeoLocation"; private: false; static: false; }' is not assignable to parameter of type 'string | symbol'.
src/sites/dto/site.type.ts(11,4): error TS1240: Unable to resolve signature of property decorator when called as an expression.
  Argument of type 'ClassFieldDecoratorContext<SiteSettings, boolean> & { name: "enableBehaviorTracking"; private: false; static: false; }' is not assignable to parameter of type 'string | symbol'.
src/sites/dto/site.type.ts(14,4): error TS1240: Unable to resolve signature of property decorator when called as an expression.
  Argument of type 'ClassFieldDecoratorContext<SiteSettings, number> & { name: "dataRetentionDays"; private: false; static: false; }' is not assignable to parameter of type 'string | symbol'.
src/sites/dto/site.type.ts(17,4): error TS1240: Unable to resolve signature of property decorator when called as an expression.
  Argument of type 'ClassFieldDecoratorContext<SiteSettings, number> & { name: "trackingStartDelay"; private: false; static: false; }' is not assignable to parameter of type 'string | symbol'.
src/sites/dto/site.type.ts(20,4): error TS1240: Unable to resolve signature of property decorator when called as an expression.
  Argument of type 'ClassFieldDecoratorContext<SiteSettings, boolean> & { name: "usePreGeneratedIntentUI"; private: false; static: false; }' is not assignable to parameter of type 'string | symbol'.
src/sites/dto/site.type.ts(26,4): error TS1240: Unable to resolve signature of property decorator when called as an expression.
  Argument of type 'ClassFieldDecoratorContext<Site, string> & { name: "id"; private: false; static: false; }' is not assignable to parameter of type 'string | symbol'.
src/sites/dto/site.type.ts(29,4): error TS1240: Unable to resolve signature of property decorator when called as an expression.
  Argument of type 'ClassFieldDecoratorContext<Site, string> & { name: "siteId"; private: false; static: false; }' is not assignable to parameter of type 'string | symbol'.
src/sites/dto/site.type.ts(32,4): error TS1240: Unable to resolve signature of property decorator when called as an expression.
  Argument of type 'ClassFieldDecoratorContext<Site, string> & { name: "name"; private: false; static: false; }' is not assignable to parameter of type 'string | symbol'.
src/sites/dto/site.type.ts(35,4): error TS1240: Unable to resolve signature of property decorator when called as an expression.
  Argument of type 'ClassFieldDecoratorContext<Site, string> & { name: "domain"; private: false; static: false; }' is not assignable to parameter of type 'string | symbol'.
src/sites/dto/site.type.ts(38,4): error TS1240: Unable to resolve signature of property decorator when called as an expression.
  Argument of type 'ClassFieldDecoratorContext<Site, string[]> & { name: "allowedDomains"; private: false; static: false; }' is not assignable to parameter of type 'string | symbol'.
src/sites/dto/site.type.ts(41,4): error TS1240: Unable to resolve signature of property decorator when called as an expression.
  Argument of type 'ClassFieldDecoratorContext<Site, string> & { name: "userId"; private: false; static: false; }' is not assignable to parameter of type 'string | symbol'.
src/sites/dto/site.type.ts(44,4): error TS1240: Unable to resolve signature of property decorator when called as an expression.
  Argument of type 'ClassFieldDecoratorContext<Site, boolean> & { name: "isActive"; private: false; static: false; }' is not assignable to parameter of type 'string | symbol'.
src/sites/dto/site.type.ts(47,4): error TS1240: Unable to resolve signature of property decorator when called as an expression.
  Argument of type 'ClassFieldDecoratorContext<Site, SiteSettings> & { name: "settings"; private: false; static: false; }' is not assignable to parameter of type 'string | symbol'.
src/sites/dto/site.type.ts(50,4): error TS1240: Unable to resolve signature of property decorator when called as an expression.
  Argument of type 'ClassFieldDecoratorContext<Site, string> & { name: "apiKey"; private: false; static: false; }' is not assignable to parameter of type 'string | symbol'.
src/sites/dto/site.type.ts(53,4): error TS1240: Unable to resolve signature of property decorator when called as an expression.
  Argument of type 'ClassFieldDecoratorContext<Site, Date> & { name: "createdAt"; private: false; static: false; }' is not assignable to parameter of type 'string | symbol'.
src/sites/dto/site.type.ts(56,4): error TS1240: Unable to resolve signature of property decorator when called as an expression.
  Argument of type 'ClassFieldDecoratorContext<Site, Date> & { name: "updatedAt"; private: false; static: false; }' is not assignable to parameter of type 'string | symbol'.
src/sites/dto/update-site.input.ts(7,4): error TS1240: Unable to resolve signature of property decorator when called as an expression.
  Argument of type 'ClassFieldDecoratorContext<UpdateSiteSettingsInput, boolean> & { name: "enableTracking"; private: false; static: false; }' is not assignable to parameter of type 'string | symbol'.
src/sites/dto/update-site.input.ts(8,4): error TS1240: Unable to resolve signature of property decorator when called as an expression.
  Argument of type 'ClassFieldDecoratorContext<UpdateSiteSettingsInput, boolean> & { name: "enableTracking"; private: false; static: false; }' is not assignable to parameter of type 'string | symbol'.
src/sites/dto/update-site.input.ts(9,4): error TS1240: Unable to resolve signature of property decorator when called as an expression.
  Argument of type 'ClassFieldDecoratorContext<UpdateSiteSettingsInput, boolean> & { name: "enableTracking"; private: false; static: false; }' is not assignable to parameter of type 'string | symbol'.
src/sites/dto/update-site.input.ts(12,4): error TS1240: Unable to resolve signature of property decorator when called as an expression.
  Argument of type 'ClassFieldDecoratorContext<UpdateSiteSettingsInput, boolean> & { name: "enableGeoLocation"; private: false; static: false; }' is not assignable to parameter of type 'string | symbol'.
src/sites/dto/update-site.input.ts(13,4): error TS1240: Unable to resolve signature of property decorator when called as an expression.
  Argument of type 'ClassFieldDecoratorContext<UpdateSiteSettingsInput, boolean> & { name: "enableGeoLocation"; private: false; static: false; }' is not assignable to parameter of type 'string | symbol'.
src/sites/dto/update-site.input.ts(14,4): error TS1240: Unable to resolve signature of property decorator when called as an expression.
  Argument of type 'ClassFieldDecoratorContext<UpdateSiteSettingsInput, boolean> & { name: "enableGeoLocation"; private: false; static: false; }' is not assignable to parameter of type 'string | symbol'.
src/sites/dto/update-site.input.ts(17,4): error TS1240: Unable to resolve signature of property decorator when called as an expression.
  Argument of type 'ClassFieldDecoratorContext<UpdateSiteSettingsInput, boolean> & { name: "enableBehaviorTracking"; private: false; static: false; }' is not assignable to parameter of type 'string | symbol'.
src/sites/dto/update-site.input.ts(18,4): error TS1240: Unable to resolve signature of property decorator when called as an expression.
  Argument of type 'ClassFieldDecoratorContext<UpdateSiteSettingsInput, boolean> & { name: "enableBehaviorTracking"; private: false; static: false; }' is not assignable to parameter of type 'string | symbol'.
src/sites/dto/update-site.input.ts(19,4): error TS1240: Unable to resolve signature of property decorator when called as an expression.
  Argument of type 'ClassFieldDecoratorContext<UpdateSiteSettingsInput, boolean> & { name: "enableBehaviorTracking"; private: false; static: false; }' is not assignable to parameter of type 'string | symbol'.
src/sites/dto/update-site.input.ts(22,4): error TS1240: Unable to resolve signature of property decorator when called as an expression.
  Argument of type 'ClassFieldDecoratorContext<UpdateSiteSettingsInput, number> & { name: "dataRetentionDays"; private: false; static: false; }' is not assignable to parameter of type 'string | symbol'.
src/sites/dto/update-site.input.ts(23,4): error TS1240: Unable to resolve signature of property decorator when called as an expression.
  Argument of type 'ClassFieldDecoratorContext<UpdateSiteSettingsInput, number> & { name: "dataRetentionDays"; private: false; static: false; }' is not assignable to parameter of type 'string | symbol'.
src/sites/dto/update-site.input.ts(24,4): error TS1240: Unable to resolve signature of property decorator when called as an expression.
  Argument of type 'ClassFieldDecoratorContext<UpdateSiteSettingsInput, number> & { name: "dataRetentionDays"; private: false; static: false; }' is not assignable to parameter of type 'string | symbol'.
src/sites/dto/update-site.input.ts(27,4): error TS1240: Unable to resolve signature of property decorator when called as an expression.
  Argument of type 'ClassFieldDecoratorContext<UpdateSiteSettingsInput, number> & { name: "trackingStartDelay"; private: false; static: false; }' is not assignable to parameter of type 'string | symbol'.
src/sites/dto/update-site.input.ts(28,4): error TS1240: Unable to resolve signature of property decorator when called as an expression.
  Argument of type 'ClassFieldDecoratorContext<UpdateSiteSettingsInput, number> & { name: "trackingStartDelay"; private: false; static: false; }' is not assignable to parameter of type 'string | symbol'.
src/sites/dto/update-site.input.ts(29,4): error TS1240: Unable to resolve signature of property decorator when called as an expression.
  Argument of type 'ClassFieldDecoratorContext<UpdateSiteSettingsInput, number> & { name: "trackingStartDelay"; private: false; static: false; }' is not assignable to parameter of type 'string | symbol'.
src/sites/dto/update-site.input.ts(32,4): error TS1240: Unable to resolve signature of property decorator when called as an expression.
  Argument of type 'ClassFieldDecoratorContext<UpdateSiteSettingsInput, boolean> & { name: "usePreGeneratedIntentUI"; private: false; static: false; }' is not assignable to parameter of type 'string | symbol'.
src/sites/dto/update-site.input.ts(33,4): error TS1240: Unable to resolve signature of property decorator when called as an expression.
  Argument of type 'ClassFieldDecoratorContext<UpdateSiteSettingsInput, boolean> & { name: "usePreGeneratedIntentUI"; private: false; static: false; }' is not assignable to parameter of type 'string | symbol'.
src/sites/dto/update-site.input.ts(34,4): error TS1240: Unable to resolve signature of property decorator when called as an expression.
  Argument of type 'ClassFieldDecoratorContext<UpdateSiteSettingsInput, boolean> & { name: "usePreGeneratedIntentUI"; private: false; static: false; }' is not assignable to parameter of type 'string | symbol'.
src/sites/dto/update-site.input.ts(40,4): error TS1240: Unable to resolve signature of property decorator when called as an expression.
  Argument of type 'ClassFieldDecoratorContext<UpdateSiteInput, string> & { name: "name"; private: false; static: false; }' is not assignable to parameter of type 'string | symbol'.
src/sites/dto/update-site.input.ts(41,4): error TS1240: Unable to resolve signature of property decorator when called as an expression.
  Argument of type 'ClassFieldDecoratorContext<UpdateSiteInput, string> & { name: "name"; private: false; static: false; }' is not assignable to parameter of type 'string | symbol'.
src/sites/dto/update-site.input.ts(42,4): error TS1240: Unable to resolve signature of property decorator when called as an expression.
  Argument of type 'ClassFieldDecoratorContext<UpdateSiteInput, string> & { name: "name"; private: false; static: false; }' is not assignable to parameter of type 'string | symbol'.
src/sites/dto/update-site.input.ts(45,4): error TS1240: Unable to resolve signature of property decorator when called as an expression.
  Argument of type 'ClassFieldDecoratorContext<UpdateSiteInput, string> & { name: "domain"; private: false; static: false; }' is not assignable to parameter of type 'string | symbol'.
src/sites/dto/update-site.input.ts(46,4): error TS1240: Unable to resolve signature of property decorator when called as an expression.
  Argument of type 'ClassFieldDecoratorContext<UpdateSiteInput, string> & { name: "domain"; private: false; static: false; }' is not assignable to parameter of type 'string | symbol'.
src/sites/dto/update-site.input.ts(47,4): error TS1240: Unable to resolve signature of property decorator when called as an expression.
  Argument of type 'ClassFieldDecoratorContext<UpdateSiteInput, string> & { name: "domain"; private: false; static: false; }' is not assignable to parameter of type 'string | symbol'.
src/sites/dto/update-site.input.ts(50,4): error TS1240: Unable to resolve signature of property decorator when called as an expression.
  Argument of type 'ClassFieldDecoratorContext<UpdateSiteInput, string[]> & { name: "allowedDomains"; private: false; static: false; }' is not assignable to parameter of type 'string | symbol'.
src/sites/dto/update-site.input.ts(51,4): error TS1240: Unable to resolve signature of property decorator when called as an expression.
  Argument of type 'ClassFieldDecoratorContext<UpdateSiteInput, string[]> & { name: "allowedDomains"; private: false; static: false; }' is not assignable to parameter of type 'string | symbol'.
src/sites/dto/update-site.input.ts(52,4): error TS1240: Unable to resolve signature of property decorator when called as an expression.
  Argument of type 'ClassFieldDecoratorContext<UpdateSiteInput, string[]> & { name: "allowedDomains"; private: false; static: false; }' is not assignable to parameter of type 'string | symbol'.
src/sites/dto/update-site.input.ts(53,4): error TS1240: Unable to resolve signature of property decorator when called as an expression.
  Argument of type 'ClassFieldDecoratorContext<UpdateSiteInput, string[]> & { name: "allowedDomains"; private: false; static: false; }' is not assignable to parameter of type 'string | symbol'.
src/sites/dto/update-site.input.ts(56,4): error TS1240: Unable to resolve signature of property decorator when called as an expression.
  Argument of type 'ClassFieldDecoratorContext<UpdateSiteInput, boolean> & { name: "isActive"; private: false; static: false; }' is not assignable to parameter of type 'string | symbol'.
src/sites/dto/update-site.input.ts(57,4): error TS1240: Unable to resolve signature of property decorator when called as an expression.
  Argument of type 'ClassFieldDecoratorContext<UpdateSiteInput, boolean> & { name: "isActive"; private: false; static: false; }' is not assignable to parameter of type 'string | symbol'.
src/sites/dto/update-site.input.ts(58,4): error TS1240: Unable to resolve signature of property decorator when called as an expression.
  Argument of type 'ClassFieldDecoratorContext<UpdateSiteInput, boolean> & { name: "isActive"; private: false; static: false; }' is not assignable to parameter of type 'string | symbol'.
src/sites/dto/update-site.input.ts(61,4): error TS1240: Unable to resolve signature of property decorator when called as an expression.
  Argument of type 'ClassFieldDecoratorContext<UpdateSiteInput, UpdateSiteSettingsInput> & { name: "settings"; private: false; static: false; }' is not assignable to parameter of type 'string | symbol'.
src/sites/dto/update-site.input.ts(62,4): error TS1240: Unable to resolve signature of property decorator when called as an expression.
  Argument of type 'ClassFieldDecoratorContext<UpdateSiteInput, UpdateSiteSettingsInput> & { name: "settings"; private: false; static: false; }' is not assignable to parameter of type 'string | symbol'.
src/sites/dto/update-site.input.ts(63,4): error TS1240: Unable to resolve signature of property decorator when called as an expression.
  Argument of type 'ClassFieldDecoratorContext<UpdateSiteInput, UpdateSiteSettingsInput> & { name: "settings"; private: false; static: false; }' is not assignable to parameter of type 'string | symbol'.
src/sites/dto/update-site.input.ts(64,4): error TS1240: Unable to resolve signature of property decorator when called as an expression.
  Argument of type 'ClassFieldDecoratorContext<UpdateSiteInput, UpdateSiteSettingsInput> & { name: "settings"; private: false; static: false; }' is not assignable to parameter of type 'string | symbol'.
src/sites/sites.controller.ts(14,5): error TS1241: Unable to resolve signature of method decorator when called as an expression.
  The runtime will invoke the decorator with 2 arguments, but the decorator expects 3.
src/sites/sites.controller.ts(14,6): error TS1270: Decorator function return type 'void | TypedPropertyDescriptor<unknown>' is not assignable to type 'void | ((siteId: string, res: Response<any, Record<string, any>>) => Promise<Response<any, Record<string, any>>>)'.
  Type 'TypedPropertyDescriptor<unknown>' is not assignable to type 'void | ((siteId: string, res: Response<any, Record<string, any>>) => Promise<Response<any, Record<string, any>>>)'.
src/sites/sites.controller.ts(15,21): error TS1206: Decorators are not valid here.
src/sites/sites.controller.ts(15,54): error TS1206: Decorators are not valid here.
src/sites/sites.resolver.ts(16,3): error TS1241: Unable to resolve signature of method decorator when called as an expression.
  The runtime will invoke the decorator with 2 arguments, but the decorator expects 3.
src/sites/sites.resolver.ts(16,4): error TS1270: Decorator function return type 'void | TypedPropertyDescriptor<unknown>' is not assignable to type 'void | ((user: any) => Promise<Site[]>)'.
  Type 'TypedPropertyDescriptor<unknown>' is not assignable to type 'void | ((user: any) => Promise<Site[]>)'.
src/sites/sites.resolver.ts(17,18): error TS1206: Decorators are not valid here.
src/sites/sites.resolver.ts(22,3): error TS1241: Unable to resolve signature of method decorator when called as an expression.
  The runtime will invoke the decorator with 2 arguments, but the decorator expects 3.
src/sites/sites.resolver.ts(22,4): error TS1270: Decorator function return type 'void | TypedPropertyDescriptor<unknown>' is not assignable to type 'void | ((siteId: string, user: any) => Promise<Site>)'.
  Type 'TypedPropertyDescriptor<unknown>' is not assignable to type 'void | ((siteId: string, user: any) => Promise<Site>)'.
src/sites/sites.resolver.ts(23,17): error TS1206: Decorators are not valid here.
src/sites/sites.resolver.ts(23,49): error TS1206: Decorators are not valid here.
src/sites/sites.resolver.ts(31,3): error TS1241: Unable to resolve signature of method decorator when called as an expression.
  The runtime will invoke the decorator with 2 arguments, but the decorator expects 3.
src/sites/sites.resolver.ts(31,4): error TS1270: Decorator function return type 'void | TypedPropertyDescriptor<unknown>' is not assignable to type 'void | ((input: CreateSiteInput, user: any) => Promise<Site>)'.
  Type 'TypedPropertyDescriptor<unknown>' is not assignable to type 'void | ((input: CreateSiteInput, user: any) => Promise<Site>)'.
src/sites/sites.resolver.ts(33,5): error TS1206: Decorators are not valid here.
src/sites/sites.resolver.ts(34,5): error TS1206: Decorators are not valid here.
src/sites/sites.resolver.ts(41,3): error TS1241: Unable to resolve signature of method decorator when called as an expression.
  The runtime will invoke the decorator with 2 arguments, but the decorator expects 3.
src/sites/sites.resolver.ts(41,4): error TS1270: Decorator function return type 'void | TypedPropertyDescriptor<unknown>' is not assignable to type 'void | ((input: CreateSiteInput, user: any) => Promise<Site>)'.
  Type 'TypedPropertyDescriptor<unknown>' is not assignable to type 'void | ((input: CreateSiteInput, user: any) => Promise<Site>)'.
src/sites/sites.resolver.ts(43,5): error TS1206: Decorators are not valid here.
src/sites/sites.resolver.ts(44,5): error TS1206: Decorators are not valid here.
src/sites/sites.resolver.ts(50,3): error TS1241: Unable to resolve signature of method decorator when called as an expression.
  The runtime will invoke the decorator with 2 arguments, but the decorator expects 3.
src/sites/sites.resolver.ts(50,4): error TS1270: Decorator function return type 'void | TypedPropertyDescriptor<unknown>' is not assignable to type 'void | ((siteId: string, input: UpdateSiteInput, user: any) => Promise<Site>)'.
  Type 'TypedPropertyDescriptor<unknown>' is not assignable to type 'void | ((siteId: string, input: UpdateSiteInput, user: any) => Promise<Site>)'.
src/sites/sites.resolver.ts(52,5): error TS1206: Decorators are not valid here.
src/sites/sites.resolver.ts(53,5): error TS1206: Decorators are not valid here.
src/sites/sites.resolver.ts(54,5): error TS1206: Decorators are not valid here.
src/sites/sites.resolver.ts(60,3): error TS1241: Unable to resolve signature of method decorator when called as an expression.
  The runtime will invoke the decorator with 2 arguments, but the decorator expects 3.
src/sites/sites.resolver.ts(60,4): error TS1270: Decorator function return type 'void | TypedPropertyDescriptor<unknown>' is not assignable to type 'void | ((siteId: string, user: any) => Promise<boolean>)'.
  Type 'TypedPropertyDescriptor<unknown>' is not assignable to type 'void | ((siteId: string, user: any) => Promise<boolean>)'.
src/sites/sites.resolver.ts(62,5): error TS1206: Decorators are not valid here.
src/sites/sites.resolver.ts(63,5): error TS1206: Decorators are not valid here.
src/sites/sites.resolver.ts(69,3): error TS1241: Unable to resolve signature of method decorator when called as an expression.
  The runtime will invoke the decorator with 2 arguments, but the decorator expects 3.
src/sites/sites.resolver.ts(69,4): error TS1270: Decorator function return type 'void | TypedPropertyDescriptor<unknown>' is not assignable to type 'void | ((siteId: string, user: any) => Promise<Site>)'.
  Type 'TypedPropertyDescriptor<unknown>' is not assignable to type 'void | ((siteId: string, user: any) => Promise<Site>)'.
src/sites/sites.resolver.ts(71,5): error TS1206: Decorators are not valid here.
src/sites/sites.resolver.ts(72,5): error TS1206: Decorators are not valid here.
src/sites/sites.service.ts(11,5): error TS1206: Decorators are not valid here.
src/tracking/dto/tracking.types.ts(5,6): error TS1240: Unable to resolve signature of property decorator when called as an expression.
  Argument of type 'ClassFieldDecoratorContext<GeoType, string> & { name: "country"; private: false; static: false; }' is not assignable to parameter of type 'string | symbol'.
src/tracking/dto/tracking.types.ts(8,6): error TS1240: Unable to resolve signature of property decorator when called as an expression.
  Argument of type 'ClassFieldDecoratorContext<GeoType, string> & { name: "region"; private: false; static: false; }' is not assignable to parameter of type 'string | symbol'.
src/tracking/dto/tracking.types.ts(11,6): error TS1240: Unable to resolve signature of property decorator when called as an expression.
  Argument of type 'ClassFieldDecoratorContext<GeoType, string> & { name: "city"; private: false; static: false; }' is not assignable to parameter of type 'string | symbol'.
src/tracking/dto/tracking.types.ts(14,6): error TS1240: Unable to resolve signature of property decorator when called as an expression.
  Argument of type 'ClassFieldDecoratorContext<GeoType, number> & { name: "lat"; private: false; static: false; }' is not assignable to parameter of type 'string | symbol'.
src/tracking/dto/tracking.types.ts(17,6): error TS1240: Unable to resolve signature of property decorator when called as an expression.
  Argument of type 'ClassFieldDecoratorContext<GeoType, number> & { name: "lng"; private: false; static: false; }' is not assignable to parameter of type 'string | symbol'.
src/tracking/dto/tracking.types.ts(20,6): error TS1240: Unable to resolve signature of property decorator when called as an expression.
  Argument of type 'ClassFieldDecoratorContext<GeoType, string> & { name: "timezone"; private: false; static: false; }' is not assignable to parameter of type 'string | symbol'.
src/tracking/dto/tracking.types.ts(26,6): error TS1240: Unable to resolve signature of property decorator when called as an expression.
  Argument of type 'ClassFieldDecoratorContext<SessionFlags, boolean> & { name: "isVPN"; private: false; static: false; }' is not assignable to parameter of type 'string | symbol'.
src/tracking/dto/tracking.types.ts(28,6): error TS1240: Unable to resolve signature of property decorator when called as an expression.
  Argument of type 'ClassFieldDecoratorContext<SessionFlags, boolean> & { name: "isMobile"; private: false; static: false; }' is not assignable to parameter of type 'string | symbol'.
src/tracking/dto/tracking.types.ts(30,6): error TS1240: Unable to resolve signature of property decorator when called as an expression.
  Argument of type 'ClassFieldDecoratorContext<SessionFlags, boolean> & { name: "isDataCenter"; private: false; static: false; }' is not assignable to parameter of type 'string | symbol'.
src/tracking/dto/tracking.types.ts(32,6): error TS1240: Unable to resolve signature of property decorator when called as an expression.
  Argument of type 'ClassFieldDecoratorContext<SessionFlags, boolean> & { name: "isProxy"; private: false; static: false; }' is not assignable to parameter of type 'string | symbol'.
src/tracking/dto/tracking.types.ts(38,6): error TS1240: Unable to resolve signature of property decorator when called as an expression.
  Argument of type 'ClassFieldDecoratorContext<VisitorSessionType, string> & { name: "sessionId"; private: false; static: false; }' is not assignable to parameter of type 'string | symbol'.
src/tracking/dto/tracking.types.ts(41,6): error TS1240: Unable to resolve signature of property decorator when called as an expression.
  Argument of type 'ClassFieldDecoratorContext<VisitorSessionType, string> & { name: "siteId"; private: false; static: false; }' is not assignable to parameter of type 'string | symbol'.
src/tracking/dto/tracking.types.ts(44,6): error TS1240: Unable to resolve signature of property decorator when called as an expression.
  Argument of type 'ClassFieldDecoratorContext<VisitorSessionType, string> & { name: "organizationName"; private: false; static: false; }' is not assignable to parameter of type 'string | symbol'.
src/tracking/dto/tracking.types.ts(47,6): error TS1240: Unable to resolve signature of property decorator when called as an expression.
  Argument of type 'ClassFieldDecoratorContext<VisitorSessionType, GeoType> & { name: "geo"; private: false; static: false; }' is not assignable to parameter of type 'string | symbol'.
src/tracking/dto/tracking.types.ts(50,6): error TS1240: Unable to resolve signature of property decorator when called as an expression.
  Argument of type 'ClassFieldDecoratorContext<VisitorSessionType, number> & { name: "intentScore"; private: false; static: false; }' is not assignable to parameter of type 'string | symbol'.
src/tracking/dto/tracking.types.ts(53,6): error TS1240: Unable to resolve signature of property decorator when called as an expression.
  Argument of type 'ClassFieldDecoratorContext<VisitorSessionType, string> & { name: "intentCategory"; private: false; static: false; }' is not assignable to parameter of type 'string | symbol'.
src/tracking/dto/tracking.types.ts(56,6): error TS1240: Unable to resolve signature of property decorator when called as an expression.
  Argument of type 'ClassFieldDecoratorContext<VisitorSessionType, Date> & { name: "startedAt"; private: false; static: false; }' is not assignable to parameter of type 'string | symbol'.
src/tracking/dto/tracking.types.ts(59,6): error TS1240: Unable to resolve signature of property decorator when called as an expression.
  Argument of type 'ClassFieldDecoratorContext<VisitorSessionType, Date> & { name: "lastActivityAt"; private: false; static: false; }' is not assignable to parameter of type 'string | symbol'.
src/tracking/dto/tracking.types.ts(62,6): error TS1240: Unable to resolve signature of property decorator when called as an expression.
  Argument of type 'ClassFieldDecoratorContext<VisitorSessionType, string[]> & { name: "pagesVisited"; private: false; static: false; }' is not assignable to parameter of type 'string | symbol'.
src/tracking/dto/tracking.types.ts(65,6): error TS1240: Unable to resolve signature of property decorator when called as an expression.
  Argument of type 'ClassFieldDecoratorContext<VisitorSessionType, number> & { name: "totalPageViews"; private: false; static: false; }' is not assignable to parameter of type 'string | symbol'.
src/tracking/dto/tracking.types.ts(68,6): error TS1240: Unable to resolve signature of property decorator when called as an expression.
  Argument of type 'ClassFieldDecoratorContext<VisitorSessionType, boolean> & { name: "isActive"; private: false; static: false; }' is not assignable to parameter of type 'string | symbol'.
src/tracking/dto/tracking.types.ts(71,6): error TS1240: Unable to resolve signature of property decorator when called as an expression.
  Argument of type 'ClassFieldDecoratorContext<VisitorSessionType, string> & { name: "referrer"; private: false; static: false; }' is not assignable to parameter of type 'string | symbol'.
src/tracking/dto/tracking.types.ts(74,6): error TS1240: Unable to resolve signature of property decorator when called as an expression.
  Argument of type 'ClassFieldDecoratorContext<VisitorSessionType, number> & { name: "totalTimeSpent"; private: false; static: false; }' is not assignable to parameter of type 'string | symbol'.
src/tracking/dto/tracking.types.ts(77,6): error TS1240: Unable to resolve signature of property decorator when called as an expression.
  Argument of type 'ClassFieldDecoratorContext<VisitorSessionType, string> & { name: "userAgent"; private: false; static: false; }' is not assignable to parameter of type 'string | symbol'.
src/tracking/dto/tracking.types.ts(80,6): error TS1240: Unable to resolve signature of property decorator when called as an expression.
  Argument of type 'ClassFieldDecoratorContext<VisitorSessionType, SessionFlags> & { name: "flags"; private: false; static: false; }' is not assignable to parameter of type 'string | symbol'.
src/tracking/dto/tracking.types.ts(86,6): error TS1240: Unable to resolve signature of property decorator when called as an expression.
  Argument of type 'ClassFieldDecoratorContext<SiteConfigType, string> & { name: "settings"; private: false; static: false; }' is not assignable to parameter of type 'string | symbol'.
src/tracking/dto/tracking.types.ts(89,6): error TS1240: Unable to resolve signature of property decorator when called as an expression.
  Argument of type 'ClassFieldDecoratorContext<SiteConfigType, string[]> & { name: "allowedDomains"; private: false; static: false; }' is not assignable to parameter of type 'string | symbol'.
src/tracking/dto/tracking.types.ts(92,6): error TS1240: Unable to resolve signature of property decorator when called as an expression.
  Argument of type 'ClassFieldDecoratorContext<SiteConfigType, boolean> & { name: "isActive"; private: false; static: false; }' is not assignable to parameter of type 'string | symbol'.
src/tracking/dto/tracking.types.ts(98,6): error TS1240: Unable to resolve signature of property decorator when called as an expression.
  Argument of type 'ClassFieldDecoratorContext<TrackResponse, string> & { name: "sessionId"; private: false; static: false; }' is not assignable to parameter of type 'string | symbol'.
src/tracking/dto/tracking.types.ts(101,6): error TS1240: Unable to resolve signature of property decorator when called as an expression.
  Argument of type 'ClassFieldDecoratorContext<TrackResponse, string> & { name: "intent_category"; private: false; static: false; }' is not assignable to parameter of type 'string | symbol'.
src/tracking/dto/tracking.types.ts(104,6): error TS1240: Unable to resolve signature of property decorator when called as an expression.
  Argument of type 'ClassFieldDecoratorContext<TrackResponse, number> & { name: "current_score"; private: false; static: false; }' is not assignable to parameter of type 'string | symbol'.
src/tracking/dto/tracking.types.ts(107,6): error TS1240: Unable to resolve signature of property decorator when called as an expression.
  Argument of type 'ClassFieldDecoratorContext<TrackResponse, string> & { name: "suggested_action"; private: false; static: false; }' is not assignable to parameter of type 'string | symbol'.
src/tracking/dto/tracking.types.ts(110,6): error TS1240: Unable to resolve signature of property decorator when called as an expression.
  Argument of type 'ClassFieldDecoratorContext<TrackResponse, string> & { name: "ui_payload"; private: false; static: false; }' is not assignable to parameter of type 'string | symbol'.
src/tracking/dto/tracking.types.ts(116,6): error TS1240: Unable to resolve signature of property decorator when called as an expression.
  Argument of type 'ClassFieldDecoratorContext<SignalBatchInput, string> & { name: "dwell_time"; private: false; static: false; }' is not assignable to parameter of type 'string | symbol'.
src/tracking/dto/tracking.types.ts(119,6): error TS1240: Unable to resolve signature of property decorator when called as an expression.
  Argument of type 'ClassFieldDecoratorContext<SignalBatchInput, number> & { name: "scroll_velocity"; private: false; static: false; }' is not assignable to parameter of type 'string | symbol'.
src/tracking/dto/tracking.types.ts(122,6): error TS1240: Unable to resolve signature of property decorator when called as an expression.
  Argument of type 'ClassFieldDecoratorContext<SignalBatchInput, number> & { name: "scroll_depth"; private: false; static: false; }' is not assignable to parameter of type 'string | symbol'.
src/tracking/dto/tracking.types.ts(125,6): error TS1240: Unable to resolve signature of property decorator when called as an expression.
  Argument of type 'ClassFieldDecoratorContext<SignalBatchInput, boolean> & { name: "hesitation_event"; private: false; static: false; }' is not assignable to parameter of type 'string | symbol'.
src/tracking/dto/tracking.types.ts(128,6): error TS1240: Unable to resolve signature of property decorator when called as an expression.
  Argument of type 'ClassFieldDecoratorContext<SignalBatchInput, number> & { name: "rage_clicks"; private: false; static: false; }' is not assignable to parameter of type 'string | symbol'.
src/tracking/dto/tracking.types.ts(131,6): error TS1240: Unable to resolve signature of property decorator when called as an expression.
  Argument of type 'ClassFieldDecoratorContext<SignalBatchInput, string[]> & { name: "copy_text"; private: false; static: false; }' is not assignable to parameter of type 'string | symbol'.
src/tracking/dto/tracking.types.ts(134,6): error TS1240: Unable to resolve signature of property decorator when called as an expression.
  Argument of type 'ClassFieldDecoratorContext<SignalBatchInput, string[]> & { name: "text_selections"; private: false; static: false; }' is not assignable to parameter of type 'string | symbol'.
src/tracking/dto/tracking.types.ts(137,6): error TS1240: Unable to resolve signature of property decorator when called as an expression.
  Argument of type 'ClassFieldDecoratorContext<SignalBatchInput, string> & { name: "events"; private: false; static: false; }' is not assignable to parameter of type 'string | symbol'.
src/tracking/dto/tracking.types.ts(140,6): error TS1240: Unable to resolve signature of property decorator when called as an expression.
  Argument of type 'ClassFieldDecoratorContext<SignalBatchInput, string> & { name: "interactions"; private: false; static: false; }' is not assignable to parameter of type 'string | symbol'.
src/tracking/dto/tracking.types.ts(143,6): error TS1240: Unable to resolve signature of property decorator when called as an expression.
  Argument of type 'ClassFieldDecoratorContext<SignalBatchInput, string> & { name: "forms"; private: false; static: false; }' is not assignable to parameter of type 'string | symbol'.
src/tracking/dto/tracking.types.ts(146,6): error TS1240: Unable to resolve signature of property decorator when called as an expression.
  Argument of type 'ClassFieldDecoratorContext<SignalBatchInput, string> & { name: "performance"; private: false; static: false; }' is not assignable to parameter of type 'string | symbol'.
src/tracking/dto/tracking.types.ts(149,6): error TS1240: Unable to resolve signature of property decorator when called as an expression.
  Argument of type 'ClassFieldDecoratorContext<SignalBatchInput, string> & { name: "errors"; private: false; static: false; }' is not assignable to parameter of type 'string | symbol'.
src/tracking/dto/tracking.types.ts(152,6): error TS1240: Unable to resolve signature of property decorator when called as an expression.
  Argument of type 'ClassFieldDecoratorContext<SignalBatchInput, string> & { name: "mouse_trace"; private: false; static: false; }' is not assignable to parameter of type 'string | symbol'.
src/tracking/dto/tracking.types.ts(155,6): error TS1240: Unable to resolve signature of property decorator when called as an expression.
  Argument of type 'ClassFieldDecoratorContext<SignalBatchInput, string> & { name: "url"; private: false; static: false; }' is not assignable to parameter of type 'string | symbol'.
src/tracking/dto/tracking.types.ts(158,6): error TS1240: Unable to resolve signature of property decorator when called as an expression.
  Argument of type 'ClassFieldDecoratorContext<SignalBatchInput, string> & { name: "referrer"; private: false; static: false; }' is not assignable to parameter of type 'string | symbol'.
src/tracking/dto/tracking.types.ts(164,6): error TS1240: Unable to resolve signature of property decorator when called as an expression.
  Argument of type 'ClassFieldDecoratorContext<TrackInput, string> & { name: "sessionId"; private: false; static: false; }' is not assignable to parameter of type 'string | symbol'.
src/tracking/dto/tracking.types.ts(167,6): error TS1240: Unable to resolve signature of property decorator when called as an expression.
  Argument of type 'ClassFieldDecoratorContext<TrackInput, string> & { name: "eventType"; private: false; static: false; }' is not assignable to parameter of type 'string | symbol'.
src/tracking/dto/tracking.types.ts(170,6): error TS1240: Unable to resolve signature of property decorator when called as an expression.
  Argument of type 'ClassFieldDecoratorContext<TrackInput, string> & { name: "pageUrl"; private: false; static: false; }' is not assignable to parameter of type 'string | symbol'.
src/tracking/dto/tracking.types.ts(173,6): error TS1240: Unable to resolve signature of property decorator when called as an expression.
  Argument of type 'ClassFieldDecoratorContext<TrackInput, string> & { name: "referrer"; private: false; static: false; }' is not assignable to parameter of type 'string | symbol'.
src/tracking/dto/tracking.types.ts(176,6): error TS1240: Unable to resolve signature of property decorator when called as an expression.
  Argument of type 'ClassFieldDecoratorContext<TrackInput, string> & { name: "userAgent"; private: false; static: false; }' is not assignable to parameter of type 'string | symbol'.
src/tracking/dto/tracking.types.ts(179,6): error TS1240: Unable to resolve signature of property decorator when called as an expression.
  Argument of type 'ClassFieldDecoratorContext<TrackInput, string> & { name: "ipAddress"; private: false; static: false; }' is not assignable to parameter of type 'string | symbol'.
src/tracking/dto/tracking.types.ts(182,6): error TS1240: Unable to resolve signature of property decorator when called as an expression.
  Argument of type 'ClassFieldDecoratorContext<TrackInput, string> & { name: "metadata"; private: false; static: false; }' is not assignable to parameter of type 'string | symbol'.
src/tracking/dto/tracking.types.ts(185,6): error TS1240: Unable to resolve signature of property decorator when called as an expression.
  Argument of type 'ClassFieldDecoratorContext<TrackInput, SignalBatchInput> & { name: "signals"; private: false; static: false; }' is not assignable to parameter of type 'string | symbol'.
src/tracking/dto/tracking.types.ts(188,6): error TS1240: Unable to resolve signature of property decorator when called as an expression.
  Argument of type 'ClassFieldDecoratorContext<TrackInput, number> & { name: "timestamp"; private: false; static: false; }' is not assignable to parameter of type 'string | symbol'.
src/tracking/processors/enrichment.processor.ts(21,5): error TS1206: Decorators are not valid here.
src/tracking/processors/enrichment.processor.ts(26,3): error TS1241: Unable to resolve signature of method decorator when called as an expression.
  The runtime will invoke the decorator with 2 arguments, but the decorator expects 3.
src/tracking/processors/enrichment.processor.ts(26,4): error TS1270: Decorator function return type 'void | TypedPropertyDescriptor<unknown>' is not assignable to type 'void | ((job: Job<{ sessionId: string; ipAddress: string; }>) => Promise<void>)'.
  Type 'TypedPropertyDescriptor<unknown>' is not assignable to type 'void | ((job: Job<{ sessionId: string; ipAddress: string; }>) => Promise<void>)'.
src/tracking/tracking.controller.ts(14,3): error TS1241: Unable to resolve signature of method decorator when called as an expression.
  The runtime will invoke the decorator with 2 arguments, but the decorator expects 3.
src/tracking/tracking.controller.ts(14,4): error TS1270: Decorator function return type 'void | TypedPropertyDescriptor<unknown>' is not assignable to type 'void | (() => Promise<{ message: string; }>)'.
  Type 'TypedPropertyDescriptor<unknown>' is not assignable to type 'void | (() => Promise<{ message: string; }>)'.
src/tracking/tracking.resolver.ts(10,3): error TS1241: Unable to resolve signature of method decorator when called as an expression.
  The runtime will invoke the decorator with 2 arguments, but the decorator expects 3.
src/tracking/tracking.resolver.ts(10,4): error TS1270: Decorator function return type 'void | TypedPropertyDescriptor<unknown>' is not assignable to type 'void | ((siteId: string, apiKey: string, input: TrackInput, context: any) => Promise<TrackResponse>)'.
  Type 'TypedPropertyDescriptor<unknown>' is not assignable to type 'void | ((siteId: string, apiKey: string, input: TrackInput, context: any) => Promise<TrackResponse>)'.
src/tracking/tracking.resolver.ts(12,5): error TS1206: Decorators are not valid here.
src/tracking/tracking.resolver.ts(13,5): error TS1206: Decorators are not valid here.
src/tracking/tracking.resolver.ts(14,5): error TS1206: Decorators are not valid here.
src/tracking/tracking.resolver.ts(15,5): error TS1206: Decorators are not valid here.
src/tracking/tracking.resolver.ts(137,3): error TS1241: Unable to resolve signature of method decorator when called as an expression.
  The runtime will invoke the decorator with 2 arguments, but the decorator expects 3.
src/tracking/tracking.resolver.ts(137,4): error TS1270: Decorator function return type 'void | TypedPropertyDescriptor<unknown>' is not assignable to type 'void | ((siteId: string) => Promise<any[]>)'.
  Type 'TypedPropertyDescriptor<unknown>' is not assignable to type 'void | ((siteId: string) => Promise<any[]>)'.
src/tracking/tracking.resolver.ts(139,5): error TS1206: Decorators are not valid here.
src/tracking/tracking.resolver.ts(144,3): error TS1241: Unable to resolve signature of method decorator when called as an expression.
  The runtime will invoke the decorator with 2 arguments, but the decorator expects 3.
src/tracking/tracking.resolver.ts(144,4): error TS1270: Decorator function return type 'void | TypedPropertyDescriptor<unknown>' is not assignable to type 'void | ((siteId: string) => Promise<any>)'.
  Type 'TypedPropertyDescriptor<unknown>' is not assignable to type 'void | ((siteId: string) => Promise<any>)'.
src/tracking/tracking.resolver.ts(146,5): error TS1206: Decorators are not valid here.
src/tracking/tracking.service.ts(25,5): error TS1206: Decorators are not valid here.
src/tracking/tracking.service.ts(27,5): error TS1206: Decorators are not valid here.
src/tracking/tracking.service.ts(29,5): error TS1206: Decorators are not valid here.
src/tracking/tracking.service.ts(30,5): error TS1206: Decorators are not valid here.
src/users/dto/create-user.input.ts(5,6): error TS1240: Unable to resolve signature of property decorator when called as an expression.
  Argument of type 'ClassFieldDecoratorContext<CreateUserInput, string> & { name: "email"; private: false; static: false; }' is not assignable to parameter of type 'string | symbol'.
src/users/dto/create-user.input.ts(8,6): error TS1240: Unable to resolve signature of property decorator when called as an expression.
  Argument of type 'ClassFieldDecoratorContext<CreateUserInput, string> & { name: "name"; private: false; static: false; }' is not assignable to parameter of type 'string | symbol'.
src/users/dto/create-user.input.ts(11,6): error TS1240: Unable to resolve signature of property decorator when called as an expression.
  Argument of type 'ClassFieldDecoratorContext<CreateUserInput, string> & { name: "password"; private: false; static: false; }' is not assignable to parameter of type 'string | symbol'.
src/users/dto/create-user.input.ts(14,6): error TS1240: Unable to resolve signature of property decorator when called as an expression.
  Argument of type 'ClassFieldDecoratorContext<CreateUserInput, string> & { name: "role"; private: false; static: false; }' is not assignable to parameter of type 'string | symbol'.
src/users/dto/update-user.input.ts(6,6): error TS1240: Unable to resolve signature of property decorator when called as an expression.
  Argument of type 'ClassFieldDecoratorContext<UpdateUserInput, string> & { name: "id"; private: false; static: false; }' is not assignable to parameter of type 'string | symbol'.
src/users/dto/update-user.input.ts(9,6): error TS1240: Unable to resolve signature of property decorator when called as an expression.
  Argument of type 'ClassFieldDecoratorContext<UpdateUserInput, boolean> & { name: "isActive"; private: false; static: false; }' is not assignable to parameter of type 'string | symbol'.
src/users/dto/user.type.ts(5,6): error TS1240: Unable to resolve signature of property decorator when called as an expression.
  Argument of type 'ClassFieldDecoratorContext<UserType, string> & { name: "id"; private: false; static: false; }' is not assignable to parameter of type 'string | symbol'.
src/users/dto/user.type.ts(8,6): error TS1240: Unable to resolve signature of property decorator when called as an expression.
  Argument of type 'ClassFieldDecoratorContext<UserType, string> & { name: "email"; private: false; static: false; }' is not assignable to parameter of type 'string | symbol'.
src/users/dto/user.type.ts(11,6): error TS1240: Unable to resolve signature of property decorator when called as an expression.
  Argument of type 'ClassFieldDecoratorContext<UserType, string> & { name: "name"; private: false; static: false; }' is not assignable to parameter of type 'string | symbol'.
src/users/dto/user.type.ts(14,6): error TS1240: Unable to resolve signature of property decorator when called as an expression.
  Argument of type 'ClassFieldDecoratorContext<UserType, string> & { name: "role"; private: false; static: false; }' is not assignable to parameter of type 'string | symbol'.
src/users/dto/user.type.ts(17,6): error TS1240: Unable to resolve signature of property decorator when called as an expression.
  Argument of type 'ClassFieldDecoratorContext<UserType, boolean> & { name: "isActive"; private: false; static: false; }' is not assignable to parameter of type 'string | symbol'.
src/users/dto/user.type.ts(20,6): error TS1240: Unable to resolve signature of property decorator when called as an expression.
  Argument of type 'ClassFieldDecoratorContext<UserType, Date> & { name: "lastLoginAt"; private: false; static: false; }' is not assignable to parameter of type 'string | symbol'.
src/users/dto/user.type.ts(23,6): error TS1240: Unable to resolve signature of property decorator when called as an expression.
  Argument of type 'ClassFieldDecoratorContext<UserType, Date> & { name: "createdAt"; private: false; static: false; }' is not assignable to parameter of type 'string | symbol'.
src/users/dto/user.type.ts(26,6): error TS1240: Unable to resolve signature of property decorator when called as an expression.
  Argument of type 'ClassFieldDecoratorContext<UserType, Date> & { name: "updatedAt"; private: false; static: false; }' is not assignable to parameter of type 'string | symbol'.
src/users/users.resolver.ts(15,5): error TS1241: Unable to resolve signature of method decorator when called as an expression.
  The runtime will invoke the decorator with 2 arguments, but the decorator expects 3.
src/users/users.resolver.ts(15,6): error TS1270: Decorator function return type 'void | TypedPropertyDescriptor<unknown>' is not assignable to type 'void | (() => Promise<UserDocument[]>)'.
  Type 'TypedPropertyDescriptor<unknown>' is not assignable to type 'void | (() => Promise<UserDocument[]>)'.
src/users/users.resolver.ts(20,5): error TS1241: Unable to resolve signature of method decorator when called as an expression.
  The runtime will invoke the decorator with 2 arguments, but the decorator expects 3.
src/users/users.resolver.ts(20,6): error TS1270: Decorator function return type 'void | TypedPropertyDescriptor<unknown>' is not assignable to type 'void | ((id: string) => Promise<UserDocument>)'.
  Type 'TypedPropertyDescriptor<unknown>' is not assignable to type 'void | ((id: string) => Promise<UserDocument>)'.
src/users/users.resolver.ts(21,13): error TS1206: Decorators are not valid here.
src/users/users.resolver.ts(25,5): error TS1241: Unable to resolve signature of method decorator when called as an expression.
  The runtime will invoke the decorator with 2 arguments, but the decorator expects 3.
src/users/users.resolver.ts(25,6): error TS1270: Decorator function return type 'void | TypedPropertyDescriptor<unknown>' is not assignable to type 'void | ((createUserInput: CreateUserInput) => Promise<UserDocument>)'.
  Type 'TypedPropertyDescriptor<unknown>' is not assignable to type 'void | ((createUserInput: CreateUserInput) => Promise<UserDocument>)'.
src/users/users.resolver.ts(26,16): error TS1206: Decorators are not valid here.
src/users/users.resolver.ts(30,5): error TS1241: Unable to resolve signature of method decorator when called as an expression.
  The runtime will invoke the decorator with 2 arguments, but the decorator expects 3.
src/users/users.resolver.ts(30,6): error TS1270: Decorator function return type 'void | TypedPropertyDescriptor<unknown>' is not assignable to type 'void | ((updateUserInput: UpdateUserInput) => Promise<UserDocument>)'.
  Type 'TypedPropertyDescriptor<unknown>' is not assignable to type 'void | ((updateUserInput: UpdateUserInput) => Promise<UserDocument>)'.
src/users/users.resolver.ts(31,16): error TS1206: Decorators are not valid here.
src/users/users.resolver.ts(35,5): error TS1241: Unable to resolve signature of method decorator when called as an expression.
  The runtime will invoke the decorator with 2 arguments, but the decorator expects 3.
src/users/users.resolver.ts(35,6): error TS1270: Decorator function return type 'void | TypedPropertyDescriptor<unknown>' is not assignable to type 'void | ((id: string) => Promise<UserDocument>)'.
  Type 'TypedPropertyDescriptor<unknown>' is not assignable to type 'void | ((id: string) => Promise<UserDocument>)'.
src/users/users.resolver.ts(36,16): error TS1206: Decorators are not valid here.
src/users/users.service.ts(12,9): error TS1206: Decorators are not valid here.
src/webhooks/dto/create-webhook.input.ts(6,4): error TS1240: Unable to resolve signature of property decorator when called as an expression.
  Argument of type 'ClassFieldDecoratorContext<CreateWebhookInput, string> & { name: "siteId"; private: false; static: false; }' is not assignable to parameter of type 'string | symbol'.
src/webhooks/dto/create-webhook.input.ts(7,4): error TS1240: Unable to resolve signature of property decorator when called as an expression.
  Argument of type 'ClassFieldDecoratorContext<CreateWebhookInput, string> & { name: "siteId"; private: false; static: false; }' is not assignable to parameter of type 'string | symbol'.
src/webhooks/dto/create-webhook.input.ts(10,4): error TS1240: Unable to resolve signature of property decorator when called as an expression.
  Argument of type 'ClassFieldDecoratorContext<CreateWebhookInput, string> & { name: "url"; private: false; static: false; }' is not assignable to parameter of type 'string | symbol'.
src/webhooks/dto/create-webhook.input.ts(11,4): error TS1240: Unable to resolve signature of property decorator when called as an expression.
  Argument of type 'ClassFieldDecoratorContext<CreateWebhookInput, string> & { name: "url"; private: false; static: false; }' is not assignable to parameter of type 'string | symbol'.
src/webhooks/dto/create-webhook.input.ts(14,4): error TS1240: Unable to resolve signature of property decorator when called as an expression.
  Argument of type 'ClassFieldDecoratorContext<CreateWebhookInput, string> & { name: "eventType"; private: false; static: false; }' is not assignable to parameter of type 'string | symbol'.
src/webhooks/dto/create-webhook.input.ts(15,4): error TS1240: Unable to resolve signature of property decorator when called as an expression.
  Argument of type 'ClassFieldDecoratorContext<CreateWebhookInput, string> & { name: "eventType"; private: false; static: false; }' is not assignable to parameter of type 'string | symbol'.
src/webhooks/dto/webhook.type.ts(5,4): error TS1240: Unable to resolve signature of property decorator when called as an expression.
  Argument of type 'ClassFieldDecoratorContext<Webhook, string> & { name: "id"; private: false; static: false; }' is not assignable to parameter of type 'string | symbol'.
src/webhooks/dto/webhook.type.ts(8,4): error TS1240: Unable to resolve signature of property decorator when called as an expression.
  Argument of type 'ClassFieldDecoratorContext<Webhook, string> & { name: "siteId"; private: false; static: false; }' is not assignable to parameter of type 'string | symbol'.
src/webhooks/dto/webhook.type.ts(11,4): error TS1240: Unable to resolve signature of property decorator when called as an expression.
  Argument of type 'ClassFieldDecoratorContext<Webhook, string> & { name: "url"; private: false; static: false; }' is not assignable to parameter of type 'string | symbol'.
src/webhooks/dto/webhook.type.ts(14,4): error TS1240: Unable to resolve signature of property decorator when called as an expression.
  Argument of type 'ClassFieldDecoratorContext<Webhook, string> & { name: "eventType"; private: false; static: false; }' is not assignable to parameter of type 'string | symbol'.
src/webhooks/dto/webhook.type.ts(17,4): error TS1240: Unable to resolve signature of property decorator when called as an expression.
  Argument of type 'ClassFieldDecoratorContext<Webhook, boolean> & { name: "isActive"; private: false; static: false; }' is not assignable to parameter of type 'string | symbol'.
src/webhooks/dto/webhook.type.ts(20,4): error TS1240: Unable to resolve signature of property decorator when called as an expression.
  Argument of type 'ClassFieldDecoratorContext<Webhook, number> & { name: "successCount"; private: false; static: false; }' is not assignable to parameter of type 'string | symbol'.
src/webhooks/dto/webhook.type.ts(23,4): error TS1240: Unable to resolve signature of property decorator when called as an expression.
  Argument of type 'ClassFieldDecoratorContext<Webhook, number> & { name: "failureCount"; private: false; static: false; }' is not assignable to parameter of type 'string | symbol'.
src/webhooks/dto/webhook.type.ts(26,4): error TS1240: Unable to resolve signature of property decorator when called as an expression.
  Argument of type 'ClassFieldDecoratorContext<Webhook, Date> & { name: "lastTriggeredAt"; private: false; static: false; }' is not assignable to parameter of type 'string | symbol'.
src/webhooks/webhooks.resolver.ts(15,3): error TS1241: Unable to resolve signature of method decorator when called as an expression.
  The runtime will invoke the decorator with 2 arguments, but the decorator expects 3.
src/webhooks/webhooks.resolver.ts(15,4): error TS1270: Decorator function return type 'void | TypedPropertyDescriptor<unknown>' is not assignable to type 'void | ((siteId: string, user: any) => Promise<Webhook[]>)'.
  Type 'TypedPropertyDescriptor<unknown>' is not assignable to type 'void | ((siteId: string, user: any) => Promise<Webhook[]>)'.
src/webhooks/webhooks.resolver.ts(17,5): error TS1206: Decorators are not valid here.
src/webhooks/webhooks.resolver.ts(18,5): error TS1206: Decorators are not valid here.
src/webhooks/webhooks.resolver.ts(24,3): error TS1241: Unable to resolve signature of method decorator when called as an expression.
  The runtime will invoke the decorator with 2 arguments, but the decorator expects 3.
src/webhooks/webhooks.resolver.ts(24,4): error TS1270: Decorator function return type 'void | TypedPropertyDescriptor<unknown>' is not assignable to type 'void | ((input: CreateWebhookInput, user: any) => Promise<Webhook>)'.
  Type 'TypedPropertyDescriptor<unknown>' is not assignable to type 'void | ((input: CreateWebhookInput, user: any) => Promise<Webhook>)'.
src/webhooks/webhooks.resolver.ts(26,5): error TS1206: Decorators are not valid here.
src/webhooks/webhooks.resolver.ts(27,5): error TS1206: Decorators are not valid here.
src/webhooks/webhooks.resolver.ts(38,3): error TS1241: Unable to resolve signature of method decorator when called as an expression.
  The runtime will invoke the decorator with 2 arguments, but the decorator expects 3.
src/webhooks/webhooks.resolver.ts(38,4): error TS1270: Decorator function return type 'void | TypedPropertyDescriptor<unknown>' is not assignable to type 'void | ((webhookId: string, user: any) => Promise<boolean>)'.
  Type 'TypedPropertyDescriptor<unknown>' is not assignable to type 'void | ((webhookId: string, user: any) => Promise<boolean>)'.
src/webhooks/webhooks.resolver.ts(40,5): error TS1206: Decorators are not valid here.
src/webhooks/webhooks.resolver.ts(41,5): error TS1206: Decorators are not valid here.
src/webhooks/webhooks.service.ts(13,5): error TS1206: Decorators are not valid here.
